// Jest Snapshot v1, https://goo.gl/fbAQLP

exports[`adapter can fetch features from volvox.bw 1`] = `Array []`;
