// Jest Snapshot v1, https://goo.gl/fbAQLP

exports[`open up a widget 1`] = `
<div
  class="MuiPaper-root MuiPaper-elevation1 MuiPaper-rounded"
  data-testid="alignment-side-drawer"
>
  <div
    class="MuiPaper-root makeStyles-paperRoot MuiPaper-elevation1 MuiPaper-rounded"
  >
    <div
      class="MuiPaper-root MuiAccordion-root MuiAccordion-expanded MuiAccordion-rounded MuiPaper-elevation1 MuiPaper-rounded"
      style="margin-top: 4px;"
    >
      <div
        aria-disabled="false"
        aria-expanded="true"
        class="MuiButtonBase-root MuiAccordionSummary-root MuiAccordionSummary-expanded"
        role="button"
        tabindex="0"
      >
        <div
          class="MuiAccordionSummary-content MuiAccordionSummary-expanded"
        >
          <span
            class="MuiTypography-root MuiTypography-button"
          >
             
            Primary data
          </span>
        </div>
        <div
          aria-disabled="false"
          aria-hidden="true"
          class="MuiButtonBase-root MuiIconButton-root MuiAccordionSummary-expandIcon MuiAccordionSummary-expanded MuiIconButton-edgeEnd"
        >
          <span
            class="MuiIconButton-label"
          >
            <svg
              aria-hidden="true"
              class="MuiSvgIcon-root makeStyles-expandIcon"
              focusable="false"
              viewBox="0 0 24 24"
            >
              <path
                d="M16.59 8.59L12 13.17 7.41 8.59 6 10l6 6 6-6z"
              />
            </svg>
          </span>
          <span
            class="MuiTouchRipple-root"
          />
        </div>
      </div>
      <div
        class="MuiCollapse-container MuiCollapse-entered"
        style="min-height: 0px;"
      >
        <div
          class="MuiCollapse-wrapper"
        >
          <div
            class="MuiCollapse-wrapperInner"
          >
            <div
              role="region"
            >
              <div
                class="MuiAccordionDetails-root makeStyles-expansionPanelDetails"
              >
                <div
                  class="makeStyles-field"
                >
                  <div
                    class="makeStyles-fieldName"
                  >
                    Position
                  </div>
                  <div
                    class="makeStyles-fieldValue"
                  >
                    <div>
                      ctgA:3..102 (+)
                    </div>
                  </div>
                </div>
                <div
                  class="makeStyles-field"
                >
                  <div
                    class="makeStyles-fieldName"
                  >
                    Name
                  </div>
                  <div
                    class="makeStyles-fieldValue"
                  >
                    <div>
                      ctgA_3_555_0:0:0_2:0:0_102d
                    </div>
                  </div>
                </div>
                <div
                  class="makeStyles-field"
                >
                  <div
                    class="makeStyles-fieldName"
                  >
                    Length
                  </div>
                  <div
                    class="makeStyles-fieldValue"
                  >
                    <div>
                      100
                    </div>
                  </div>
                </div>
                <div
                  class="makeStyles-field"
                >
                  <div
                    class="makeStyles-fieldName"
                  >
                    Type
                  </div>
                  <div
                    class="makeStyles-fieldValue"
                  >
                    <div>
                      match
                    </div>
                  </div>
                </div>
              </div>
            </div>
          </div>
        </div>
      </div>
    </div>
    <hr
      class="MuiDivider-root"
    />
    <div
      class="MuiPaper-root MuiAccordion-root MuiAccordion-expanded MuiAccordion-rounded MuiPaper-elevation1 MuiPaper-rounded"
      style="margin-top: 4px;"
    >
      <div
        aria-disabled="false"
        aria-expanded="true"
        class="MuiButtonBase-root MuiAccordionSummary-root MuiAccordionSummary-expanded"
        role="button"
        tabindex="0"
      >
        <div
          class="MuiAccordionSummary-content MuiAccordionSummary-expanded"
        >
          <span
            class="MuiTypography-root MuiTypography-button"
          >
             
            Attributes
          </span>
        </div>
        <div
          aria-disabled="false"
          aria-hidden="true"
          class="MuiButtonBase-root MuiIconButton-root MuiAccordionSummary-expandIcon MuiAccordionSummary-expanded MuiIconButton-edgeEnd"
        >
          <span
            class="MuiIconButton-label"
          >
            <svg
              aria-hidden="true"
              class="MuiSvgIcon-root makeStyles-expandIcon"
              focusable="false"
              viewBox="0 0 24 24"
            >
              <path
                d="M16.59 8.59L12 13.17 7.41 8.59 6 10l6 6 6-6z"
              />
            </svg>
          </span>
          <span
            class="MuiTouchRipple-root"
          />
        </div>
      </div>
      <div
        class="MuiCollapse-container MuiCollapse-entered"
        style="min-height: 0px;"
      >
        <div
          class="MuiCollapse-wrapper"
        >
          <div
            class="MuiCollapse-wrapperInner"
          >
            <div
              role="region"
            >
              <div
                class="MuiAccordionDetails-root makeStyles-expansionPanelDetails"
              >
                <div
                  style="display: flex;"
                >
                  <div
                    class="makeStyles-fieldName"
                  >
                    seq
                  </div>
                  <div
                    class="makeStyles-fieldValue"
                  >
                    <div>
                      TTGTTGCGGAGTTGAACAACGGCATTAGGAACACTTCCGTCTCTCACTTTTATACGATTATGATTGGTTCTTTAGCCTTGGTTTAGATTGGTAGTAGTAG
                    </div>
                  </div>
                </div>
                <div
                  style="display: flex;"
                >
                  <div
                    class="makeStyles-fieldName"
                  >
                    score
                  </div>
                  <div
                    class="makeStyles-fieldValue"
                  >
                    <div>
                      37
                    </div>
                  </div>
                </div>
                <div
                  style="display: flex;"
                >
                  <div
                    class="makeStyles-fieldName"
                  >
                    qual
                  </div>
                  <div
                    class="makeStyles-fieldValue"
                  >
                    <button
                      type="button"
                    >
                      Copy
                    </button>
                    <button
                      type="button"
                    >
                      Show more
                    </button>
                    <div>
                      17 17 17 17 17 17 17 17 17 17 17 17 17 17 17 17 17 17 17 17 17 17 17 17 17 17 17 17 17 17 17 17 17 1...
                    </div>
                  </div>
                </div>
                <div
                  style="display: flex;"
                >
                  <div
                    class="makeStyles-fieldName"
                  >
                    MQ
                  </div>
                  <div
                    class="makeStyles-fieldValue"
                  >
                    <div>
                      37
                    </div>
                  </div>
                </div>
                <div
                  style="display: flex;"
                >
                  <div
                    class="makeStyles-fieldName"
                  >
                    CIGAR
                  </div>
                  <div
                    class="makeStyles-fieldValue"
                  >
                    <div>
                      100M
                    </div>
                  </div>
                </div>
                <div
                  style="display: flex;"
                >
                  <div
                    class="makeStyles-fieldName"
                  >
                    seq_length
                  </div>
                  <div
                    class="makeStyles-fieldValue"
                  >
                    <div>
                      100
                    </div>
                  </div>
                </div>
              </div>
            </div>
          </div>
        </div>
      </div>
    </div>
  </div>
  <div
    class="MuiPaper-root MuiAccordion-root MuiAccordion-expanded MuiAccordion-rounded MuiPaper-elevation1 MuiPaper-rounded"
    style="margin-top: 4px;"
  >
    <div
      aria-disabled="false"
      aria-expanded="true"
      class="MuiButtonBase-root MuiAccordionSummary-root MuiAccordionSummary-expanded"
      role="button"
      tabindex="0"
    >
      <div
        class="MuiAccordionSummary-content MuiAccordionSummary-expanded"
      >
        <span
          class="MuiTypography-root MuiTypography-button"
        >
           
          Flags
        </span>
      </div>
      <div
        aria-disabled="false"
        aria-hidden="true"
        class="MuiButtonBase-root MuiIconButton-root MuiAccordionSummary-expandIcon MuiAccordionSummary-expanded MuiIconButton-edgeEnd"
      >
        <span
          class="MuiIconButton-label"
        >
          <svg
            aria-hidden="true"
            class="MuiSvgIcon-root makeStyles-expandIcon"
            focusable="false"
            viewBox="0 0 24 24"
          >
            <path
              d="M16.59 8.59L12 13.17 7.41 8.59 6 10l6 6 6-6z"
            />
          </svg>
        </span>
        <span
          class="MuiTouchRipple-root"
        />
      </div>
    </div>
    <div
      class="MuiCollapse-container MuiCollapse-entered"
      style="min-height: 0px;"
    >
      <div
        class="MuiCollapse-wrapper"
      >
        <div
          class="MuiCollapse-wrapperInner"
        >
          <div
            role="region"
          >
            <div
              class="MuiAccordionDetails-root makeStyles-expansionPanelDetails"
            >
              <div
                style="display: flex;"
              >
                <div
                  class="makeStyles-fieldName"
                >
                  Flag
                </div>
                <div
                  class="makeStyles-fieldValue"
                />
              </div>
              <div>
                <input
                  id="read paired_0"
                  readonly=""
                  type="checkbox"
                />
                <label
                  for="read paired_0"
                >
                  read paired
                </label>
              </div>
              <div>
                <input
                  id="read mapped in proper pair_0"
                  readonly=""
                  type="checkbox"
                />
                <label
                  for="read mapped in proper pair_0"
                >
                  read mapped in proper pair
                </label>
              </div>
              <div>
                <input
                  id="read unmapped_0"
                  readonly=""
                  type="checkbox"
                />
                <label
                  for="read unmapped_0"
                >
                  read unmapped
                </label>
              </div>
              <div>
                <input
                  id="mate unmapped_0"
                  readonly=""
                  type="checkbox"
                />
                <label
                  for="mate unmapped_0"
                >
                  mate unmapped
                </label>
              </div>
              <div>
                <input
                  id="read reverse strand_0"
                  readonly=""
                  type="checkbox"
                />
                <label
                  for="read reverse strand_0"
                >
                  read reverse strand
                </label>
              </div>
              <div>
                <input
                  id="mate reverse strand_0"
                  readonly=""
                  type="checkbox"
                />
                <label
                  for="mate reverse strand_0"
                >
                  mate reverse strand
                </label>
              </div>
              <div>
                <input
                  id="first in pair_0"
                  readonly=""
                  type="checkbox"
                />
                <label
                  for="first in pair_0"
                >
                  first in pair
                </label>
              </div>
              <div>
                <input
                  id="second in pair_0"
                  readonly=""
                  type="checkbox"
                />
                <label
                  for="second in pair_0"
                >
                  second in pair
                </label>
              </div>
              <div>
                <input
                  id="not primary alignment_0"
                  readonly=""
                  type="checkbox"
                />
                <label
                  for="not primary alignment_0"
                >
                  not primary alignment
                </label>
              </div>
              <div>
                <input
                  id="read fails platform/vendor quality checks_0"
                  readonly=""
                  type="checkbox"
                />
                <label
                  for="read fails platform/vendor quality checks_0"
                >
                  read fails platform/vendor quality checks
                </label>
              </div>
              <div>
                <input
                  id="read is PCR or optical duplicate_0"
                  readonly=""
                  type="checkbox"
                />
                <label
                  for="read is PCR or optical duplicate_0"
                >
                  read is PCR or optical duplicate
                </label>
              </div>
              <div>
                <input
                  id="supplementary alignment_0"
                  readonly=""
                  type="checkbox"
                />
                <label
                  for="supplementary alignment_0"
                >
                  supplementary alignment
                </label>
              </div>
            </div>
          </div>
        </div>
      </div>
    </div>
  </div>
</div>
`;
