// Jest Snapshot v1, https://goo.gl/fbAQLP

exports[`inverted mode and horizontally flipped 1`] = `
Object {
  "height": 100,
  "imageData": Any<Object>,
  "width": 33,
}
`;
