// Jest Snapshot v1, https://goo.gl/fbAQLP

exports[`no features 1`] = `
<div
  className="DivSequenceRendering"
  style={
    Object {
      "fontSize": "12.8px",
      "height": "16px",
    }
  }
>
  <div
    className="blur"
  >
    Zoom in to see sequence
  </div>
</div>
`;

exports[`one feature 1`] = `
<div
  className="DivSequenceRendering"
  style={
    Object {
      "fontSize": "12.8px",
      "height": "16px",
    }
  }
>
  <div
    className="blur"
  >
    Zoom in to see sequence
  </div>
</div>
`;
