// Jest Snapshot v1, https://goo.gl/fbAQLP

exports[`open up a widget 1`] = `
<div>
  <div
    class="MuiPaper-root MuiPaper-elevation MuiPaper-rounded MuiPaper-elevation1 MuiAccordion-root MuiAccordion-rounded Mui-expanded css-9g9pc9-MuiPaper-root-MuiAccordion-root"
    style="--Paper-shadow: 0px 2px 1px -1px rgba(0,0,0,0.2),0px 1px 1px 0px rgba(0,0,0,0.14),0px 1px 3px 0px rgba(0,0,0,0.12);"
  >
    <h3
      class="MuiAccordion-heading css-cy7rkm-MuiAccordion-heading"
    >
      <div
        aria-expanded="true"
        class="MuiButtonBase-root MuiAccordionSummary-root Mui-expanded css-t1q4kr-MuiButtonBase-root-MuiAccordionSummary-root"
        role="button"
        tabindex="0"
      >
        <div
          class="MuiAccordionSummary-content Mui-expanded css-rof4d7-MuiAccordionSummary-content"
        >
          <span
            class="MuiTypography-root MuiTypography-button css-l5w3u1-MuiTypography-root"
          />
        </div>
        <div
          class="MuiAccordionSummary-expandIconWrapper Mui-expanded css-1wqf3nl-MuiAccordionSummary-expandIconWrapper"
        >
          <svg
            aria-hidden="true"
            class="MuiSvgIcon-root MuiSvgIcon-fontSizeMedium css-1qtxdat-MuiSvgIcon-root-icon"
            data-testid="ExpandMoreIcon"
            focusable="false"
            viewBox="0 0 24 24"
          >
            <path
              d="M16.59 8.59 12 13.17 7.41 8.59 6 10l6 6 6-6z"
            />
          </svg>
        </div>
      </div>
    </h3>
    <div
      class="MuiCollapse-root MuiCollapse-vertical MuiCollapse-entered css-qr6njo-MuiCollapse-root"
      style="min-height: 0px;"
    >
      <div
        class="MuiCollapse-wrapper MuiCollapse-vertical css-1x6hinx-MuiCollapse-wrapper"
      >
        <div
          class="MuiCollapse-wrapperInner MuiCollapse-vertical css-1i4ywhz-MuiCollapse-wrapperInner"
        >
          <div
            class="MuiAccordion-region"
            role="region"
          >
            <div
              class="MuiAccordionDetails-root css-1eji0yd-MuiAccordionDetails-root-expansionPanelDetails"
            >
              <p
                class="MuiTypography-root MuiTypography-body1 css-1xfjy4j-MuiTypography-root"
              >
                Core details
              </p>
              <div
                class="css-1m8nxnb-field"
              >
                <div
                  class="css-ify9vk-fieldName"
                >
                  Position
                </div>
                <div
                  class="css-xb19vs-fieldValue"
                >
                  ctgA:3..102 (+)
                </div>
              </div>
              <div
                class="css-1m8nxnb-field"
              >
                <div
                  class="css-ify9vk-fieldName"
                >
                  Length
                </div>
                <div
                  class="css-xb19vs-fieldValue"
                >
                  <span>
                    100
                  </span>
                </div>
              </div>
              <hr
                class="MuiDivider-root MuiDivider-fullWidth css-1jpc804-MuiDivider-root"
              />
              <p
                class="MuiTypography-root MuiTypography-body1 css-1xfjy4j-MuiTypography-root"
              >
                Attributes
              </p>
              <div
                class="css-1m8nxnb-field"
              >
                <div
                  class="css-ify9vk-fieldName"
                  style="width: 40px;"
                >
                  score
                </div>
                <div
                  class="css-xb19vs-fieldValue"
                >
                  <span>
                    37
                  </span>
                </div>
              </div>
              <div
                class="css-57ilie-container"
              >
                <div
                  class="MuiFormControl-root MuiFormControl-marginDense css-h2948o-MuiFormControl-root-formControl"
                >
                  <button
                    class="MuiButtonBase-root MuiButton-root MuiButton-contained MuiButton-containedPrimary MuiButton-sizeSmall MuiButton-containedSizeSmall MuiButton-colorPrimary MuiButton-root MuiButton-contained MuiButton-containedPrimary MuiButton-sizeSmall MuiButton-containedSizeSmall MuiButton-colorPrimary css-12qtcjg-MuiButtonBase-root-MuiButton-root"
                    tabindex="0"
                    type="button"
                  >
                    Show feature sequence
                  </button>
                </div>
                <button
                  class="MuiButtonBase-root MuiIconButton-root MuiIconButton-sizeSmall css-1d2ld9h-MuiButtonBase-root-MuiIconButton-root"
                  tabindex="0"
                  type="button"
                >
                  <svg
                    aria-hidden="true"
                    class="MuiSvgIcon-root MuiSvgIcon-fontSizeMedium css-14500qs-MuiSvgIcon-root"
                    data-testid="HelpIcon"
                    focusable="false"
                    viewBox="0 0 24 24"
                  >
                    <path
                      d="M12 2C6.48 2 2 6.48 2 12s4.48 10 10 10 10-4.48 10-10S17.52 2 12 2m1 17h-2v-2h2zm2.07-7.75-.9.92C13.45 12.9 13 13.5 13 15h-2v-.5c0-1.1.45-2.1 1.17-2.83l1.24-1.26c.37-.36.59-.86.59-1.41 0-1.1-.9-2-2-2s-2 .9-2 2H8c0-2.21 1.79-4 4-4s4 1.79 4 4c0 .88-.36 1.68-.93 2.25"
                    />
                  </svg>
                </button>
              </div>
            </div>
          </div>
        </div>
      </div>
    </div>
  </div>
</div>
`;
