// Jest Snapshot v1, https://goo.gl/fbAQLP

exports[`adapter can fetch features from volvox.sorted.gtf test getfeatures on gtf plain text adapter 1`] = `
Array [
  Object {
    "end": 9000,
    "gene_id": "EDEN",
    "gene_name": "EDEN",
    "name": "EDEN.1",
    "phase": 0,
    "refName": "ctgA",
    "source": "example",
    "start": 1049,
    "strand": 1,
    "subfeatures": Array [
      Object {
        "end": 1500,
        "gene_id": "EDEN",
        "gene_name": "EDEN",
        "name": "EDEN.1",
        "parentId": "test-offset-0",
        "phase": 0,
        "refName": "ctgA",
        "source": "example",
        "start": 1049,
        "strand": 1,
        "transcript_id": "EDEN.1",
        "type": "exon",
        "uniqueId": "test-offset-0-0",
      },
      Object {
        "end": 1200,
        "gene_id": "EDEN",
        "gene_name": "EDEN",
        "name": "EDEN.1",
        "parentId": "test-offset-0",
        "phase": 0,
        "refName": "ctgA",
        "source": "example",
        "start": 1049,
        "strand": 1,
        "transcript_id": "EDEN.1",
        "type": "five_prime_UTR",
        "uniqueId": "test-offset-0-1",
      },
      Object {
        "end": 1500,
        "gene_id": "EDEN",
        "gene_name": "EDEN",
        "name": "EDEN.1",
        "parentId": "test-offset-0",
        "phase": 0,
        "refName": "ctgA",
        "source": "example",
        "start": 1200,
        "strand": 1,
        "transcript_id": "EDEN.1",
        "type": "CDS",
        "uniqueId": "test-offset-0-2",
      },
      Object {
        "end": 3902,
        "gene_id": "EDEN",
        "gene_name": "EDEN",
        "name": "EDEN.1",
        "parentId": "test-offset-0",
        "phase": 0,
        "refName": "ctgA",
        "source": "example",
        "start": 2999,
        "strand": 1,
        "transcript_id": "EDEN.1",
        "type": "CDS",
        "uniqueId": "test-offset-0-3",
      },
      Object {
        "end": 3902,
        "gene_id": "EDEN",
        "gene_name": "EDEN",
        "name": "EDEN.1",
        "parentId": "test-offset-0",
        "phase": 0,
        "refName": "ctgA",
        "source": "example",
        "start": 2999,
        "strand": 1,
        "transcript_id": "EDEN.1",
        "type": "exon",
        "uniqueId": "test-offset-0-4",
      },
      Object {
        "end": 5500,
        "gene_id": "EDEN",
        "gene_name": "EDEN",
        "name": "EDEN.1",
        "parentId": "test-offset-0",
        "phase": 0,
        "refName": "ctgA",
        "source": "example",
        "start": 4999,
        "strand": 1,
        "transcript_id": "EDEN.1",
        "type": "CDS",
        "uniqueId": "test-offset-0-5",
      },
      Object {
        "end": 5500,
        "gene_id": "EDEN",
        "gene_name": "EDEN",
        "name": "EDEN.1",
        "parentId": "test-offset-0",
        "phase": 0,
        "refName": "ctgA",
        "source": "example",
        "start": 4999,
        "strand": 1,
        "transcript_id": "EDEN.1",
        "type": "exon",
        "uniqueId": "test-offset-0-6",
      },
      Object {
        "end": 7608,
        "gene_id": "EDEN",
        "gene_name": "EDEN",
        "name": "EDEN.1",
        "parentId": "test-offset-0",
        "phase": 0,
        "refName": "ctgA",
        "source": "example",
        "start": 6999,
        "strand": 1,
        "transcript_id": "EDEN.1",
        "type": "CDS",
        "uniqueId": "test-offset-0-7",
      },
      Object {
        "end": 9000,
        "gene_id": "EDEN",
        "gene_name": "EDEN",
        "name": "EDEN.1",
        "parentId": "test-offset-0",
        "phase": 0,
        "refName": "ctgA",
        "source": "example",
        "start": 6999,
        "strand": 1,
        "transcript_id": "EDEN.1",
        "type": "exon",
        "uniqueId": "test-offset-0-8",
      },
      Object {
        "end": 9000,
        "gene_id": "EDEN",
        "gene_name": "EDEN",
        "name": "EDEN.1",
        "parentId": "test-offset-0",
        "phase": 0,
        "refName": "ctgA",
        "source": "example",
        "start": 7608,
        "strand": 1,
        "transcript_id": "EDEN.1",
        "type": "three_prime_UTR",
        "uniqueId": "test-offset-0-9",
      },
    ],
    "transcript_id": "EDEN.1",
    "type": "transcript",
    "uniqueId": "test-offset-0",
  },
  Object {
    "end": 9000,
    "gene_id": "EDEN",
    "gene_name": "EDEN",
    "name": "EDEN.2",
    "phase": 0,
    "refName": "ctgA",
    "source": "example",
    "start": 1049,
    "strand": 1,
    "subfeatures": Array [
      Object {
        "end": 1500,
        "gene_id": "EDEN",
        "gene_name": "EDEN",
        "name": "EDEN.2",
        "parentId": "test-offset-1",
        "phase": 0,
        "refName": "ctgA",
        "source": "example",
        "start": 1049,
        "strand": 1,
        "transcript_id": "EDEN.2",
        "type": "exon",
        "uniqueId": "test-offset-1-0",
      },
      Object {
        "end": 1200,
        "gene_id": "EDEN",
        "gene_name": "EDEN",
        "name": "EDEN.2",
        "parentId": "test-offset-1",
        "phase": 0,
        "refName": "ctgA",
        "source": "example",
        "start": 1049,
        "strand": 1,
        "transcript_id": "EDEN.2",
        "type": "five_prime_UTR",
        "uniqueId": "test-offset-1-1",
      },
      Object {
        "end": 1500,
        "gene_id": "EDEN",
        "gene_name": "EDEN",
        "name": "EDEN.2",
        "parentId": "test-offset-1",
        "phase": 0,
        "refName": "ctgA",
        "source": "example",
        "start": 1200,
        "strand": 1,
        "transcript_id": "EDEN.2",
        "type": "CDS",
        "uniqueId": "test-offset-1-2",
      },
      Object {
        "end": 5500,
        "gene_id": "EDEN",
        "gene_name": "EDEN",
        "name": "EDEN.2",
        "parentId": "test-offset-1",
        "phase": 0,
        "refName": "ctgA",
        "source": "example",
        "start": 4999,
        "strand": 1,
        "transcript_id": "EDEN.2",
        "type": "CDS",
        "uniqueId": "test-offset-1-3",
      },
      Object {
        "end": 5500,
        "gene_id": "EDEN",
        "gene_name": "EDEN",
        "name": "EDEN.2",
        "parentId": "test-offset-1",
        "phase": 0,
        "refName": "ctgA",
        "source": "example",
        "start": 4999,
        "strand": 1,
        "transcript_id": "EDEN.2",
        "type": "exon",
        "uniqueId": "test-offset-1-4",
      },
      Object {
        "end": 7608,
        "gene_id": "EDEN",
        "gene_name": "EDEN",
        "name": "EDEN.2",
        "parentId": "test-offset-1",
        "phase": 0,
        "refName": "ctgA",
        "source": "example",
        "start": 6999,
        "strand": 1,
        "transcript_id": "EDEN.2",
        "type": "CDS",
        "uniqueId": "test-offset-1-5",
      },
      Object {
        "end": 9000,
        "gene_id": "EDEN",
        "gene_name": "EDEN",
        "name": "EDEN.2",
        "parentId": "test-offset-1",
        "phase": 0,
        "refName": "ctgA",
        "source": "example",
        "start": 6999,
        "strand": 1,
        "transcript_id": "EDEN.2",
        "type": "exon",
        "uniqueId": "test-offset-1-6",
      },
      Object {
        "end": 9000,
        "gene_id": "EDEN",
        "gene_name": "EDEN",
        "name": "EDEN.2",
        "parentId": "test-offset-1",
        "phase": 0,
        "refName": "ctgA",
        "source": "example",
        "start": 7608,
        "strand": 1,
        "transcript_id": "EDEN.2",
        "type": "three_prime_UTR",
        "uniqueId": "test-offset-1-7",
      },
    ],
    "transcript_id": "EDEN.2",
    "type": "transcript",
    "uniqueId": "test-offset-1",
  },
  Object {
    "end": 9000,
    "gene_id": "EDEN",
    "gene_name": "EDEN",
    "name": "EDEN.3",
    "phase": 0,
    "refName": "ctgA",
    "source": "example",
    "start": 1299,
    "strand": 1,
    "subfeatures": Array [
      Object {
        "end": 1500,
        "gene_id": "EDEN",
        "gene_name": "EDEN",
        "name": "EDEN.3",
        "parentId": "test-offset-2",
        "phase": 0,
        "refName": "ctgA",
        "source": "example",
        "start": 1299,
        "strand": 1,
        "transcript_id": "EDEN.3",
        "type": "exon",
        "uniqueId": "test-offset-2-0",
      },
      Object {
        "end": 1500,
        "gene_id": "EDEN",
        "gene_name": "EDEN",
        "name": "EDEN.3",
        "parentId": "test-offset-2",
        "phase": 1,
        "refName": "ctgA",
        "source": "example",
        "start": 1299,
        "strand": 1,
        "transcript_id": "EDEN.3",
        "type": "five_prime_UTR",
        "uniqueId": "test-offset-2-1",
      },
      Object {
        "end": 3902,
        "gene_id": "EDEN",
        "gene_name": "EDEN",
        "name": "EDEN.3",
        "parentId": "test-offset-2",
        "phase": 0,
        "refName": "ctgA",
        "source": "example",
        "start": 2999,
        "strand": 1,
        "transcript_id": "EDEN.3",
        "type": "exon",
        "uniqueId": "test-offset-2-2",
      },
      Object {
        "end": 3300,
        "gene_id": "EDEN",
        "gene_name": "EDEN",
        "name": "EDEN.3",
        "parentId": "test-offset-2",
        "phase": 1,
        "refName": "ctgA",
        "source": "example",
        "start": 2999,
        "strand": 1,
        "transcript_id": "EDEN.3",
        "type": "five_prime_UTR",
        "uniqueId": "test-offset-2-3",
      },
      Object {
        "end": 3902,
        "gene_id": "EDEN",
        "gene_name": "EDEN",
        "name": "EDEN.3",
        "parentId": "test-offset-2",
        "phase": 0,
        "refName": "ctgA",
        "source": "example",
        "start": 3300,
        "strand": 1,
        "transcript_id": "EDEN.3",
        "type": "CDS",
        "uniqueId": "test-offset-2-4",
      },
      Object {
        "end": 5500,
        "gene_id": "EDEN",
        "gene_name": "EDEN",
        "name": "EDEN.3",
        "parentId": "test-offset-2",
        "phase": 1,
        "refName": "ctgA",
        "source": "example",
        "start": 4999,
        "strand": 1,
        "transcript_id": "EDEN.3",
        "type": "CDS",
        "uniqueId": "test-offset-2-5",
      },
      Object {
        "end": 5500,
        "gene_id": "EDEN",
        "gene_name": "EDEN",
        "name": "EDEN.3",
        "parentId": "test-offset-2",
        "phase": 0,
        "refName": "ctgA",
        "source": "example",
        "start": 4999,
        "strand": 1,
        "transcript_id": "EDEN.3",
        "type": "exon",
        "uniqueId": "test-offset-2-6",
      },
      Object {
        "end": 7600,
        "gene_id": "EDEN",
        "gene_name": "EDEN",
        "name": "EDEN.3",
        "parentId": "test-offset-2",
        "phase": 1,
        "refName": "ctgA",
        "source": "example",
        "start": 6999,
        "strand": 1,
        "transcript_id": "EDEN.3",
        "type": "CDS",
        "uniqueId": "test-offset-2-7",
      },
      Object {
        "end": 9000,
        "gene_id": "EDEN",
        "gene_name": "EDEN",
        "name": "EDEN.3",
        "parentId": "test-offset-2",
        "phase": 0,
        "refName": "ctgA",
        "source": "example",
        "start": 6999,
        "strand": 1,
        "transcript_id": "EDEN.3",
        "type": "exon",
        "uniqueId": "test-offset-2-8",
      },
      Object {
        "end": 9000,
        "gene_id": "EDEN",
        "gene_name": "EDEN",
        "name": "EDEN.3",
        "parentId": "test-offset-2",
        "phase": 1,
        "refName": "ctgA",
        "source": "example",
        "start": 7600,
        "strand": 1,
        "transcript_id": "EDEN.3",
        "type": "three_prime_UTR",
        "uniqueId": "test-offset-2-9",
      },
    ],
    "transcript_id": "EDEN.3",
    "type": "transcript",
    "uniqueId": "test-offset-2",
  },
  Object {
    "end": 11500,
    "name": "Apple1",
    "phase": 0,
    "refName": "ctgA",
    "source": "bare_predicted",
    "start": 9999,
    "strand": 1,
    "subfeatures": Array [
      Object {
        "end": 11500,
        "name": "Apple1",
        "parentId": "test-offset-3",
        "phase": 0,
        "refName": "ctgA",
        "source": "bare_predicted",
        "start": 9999,
        "strand": 1,
        "transcript_id": "Apple1",
        "type": "CDS",
        "uniqueId": "test-offset-3-0",
      },
    ],
    "transcript_id": "Apple1",
    "type": "transcript",
    "uniqueId": "test-offset-3",
  },
  Object {
    "end": 17000,
    "name": "cds-Apple2",
    "phase": 0,
    "refName": "ctgA",
    "source": "predicted",
    "start": 13499,
    "strand": 1,
    "subfeatures": Array [
      Object {
        "end": 13800,
        "name": "cds-Apple2",
        "parentId": "test-offset-4",
        "phase": 0,
        "refName": "ctgA",
        "source": "predicted",
        "start": 13499,
        "strand": 1,
        "transcript_id": "cds-Apple2",
        "type": "CDS",
        "uniqueId": "test-offset-4-0",
      },
      Object {
        "end": 15500,
        "name": "cds-Apple2",
        "parentId": "test-offset-4",
        "phase": 1,
        "refName": "ctgA",
        "source": "predicted",
        "start": 14999,
        "strand": 1,
        "transcript_id": "cds-Apple2",
        "type": "CDS",
        "uniqueId": "test-offset-4-1",
      },
      Object {
        "end": 17000,
        "name": "cds-Apple2",
        "parentId": "test-offset-4",
        "phase": 2,
        "refName": "ctgA",
        "source": "predicted",
        "start": 16499,
        "strand": 1,
        "transcript_id": "cds-Apple2",
        "type": "CDS",
        "uniqueId": "test-offset-4-2",
      },
    ],
    "transcript_id": "cds-Apple2",
    "type": "transcript",
    "uniqueId": "test-offset-4",
  },
  Object {
    "end": 23000,
    "name": "rna-Apple3",
    "phase": 0,
    "refName": "ctgA",
    "source": "exonerate",
    "start": 17399,
    "strand": 1,
    "subfeatures": Array [
      Object {
        "end": 17999,
        "name": "rna-Apple3",
        "parentId": "test-offset-5",
        "phase": 0,
        "refName": "ctgA",
        "source": "exonerate",
        "start": 17399,
        "strand": 1,
        "transcript_id": "rna-Apple3",
        "type": "UTR",
        "uniqueId": "test-offset-5-0",
      },
      Object {
        "end": 18800,
        "name": "rna-Apple3",
        "parentId": "test-offset-5",
        "phase": 0,
        "refName": "ctgA",
        "source": "exonerate",
        "start": 17399,
        "strand": 1,
        "transcript_id": "rna-Apple3",
        "type": "exon",
        "uniqueId": "test-offset-5-1",
      },
      Object {
        "end": 18800,
        "name": "rna-Apple3",
        "parentId": "test-offset-5",
        "phase": 0,
        "refName": "ctgA",
        "source": "exonerate",
        "start": 17999,
        "strand": 1,
        "transcript_id": "rna-Apple3",
        "type": "CDS",
        "uniqueId": "test-offset-5-2",
      },
      Object {
        "end": 19500,
        "name": "rna-Apple3",
        "parentId": "test-offset-5",
        "phase": 0,
        "refName": "ctgA",
        "source": "exonerate",
        "start": 18999,
        "strand": 1,
        "transcript_id": "rna-Apple3",
        "type": "CDS",
        "uniqueId": "test-offset-5-3",
      },
      Object {
        "end": 19500,
        "name": "rna-Apple3",
        "parentId": "test-offset-5",
        "phase": 0,
        "refName": "ctgA",
        "source": "exonerate",
        "start": 18999,
        "strand": 1,
        "transcript_id": "rna-Apple3",
        "type": "exon",
        "uniqueId": "test-offset-5-4",
      },
      Object {
        "end": 21200,
        "name": "rna-Apple3",
        "parentId": "test-offset-5",
        "phase": 0,
        "refName": "ctgA",
        "source": "exonerate",
        "start": 20999,
        "strand": 1,
        "transcript_id": "rna-Apple3",
        "type": "CDS",
        "uniqueId": "test-offset-5-5",
      },
      Object {
        "end": 23000,
        "name": "rna-Apple3",
        "parentId": "test-offset-5",
        "phase": 0,
        "refName": "ctgA",
        "source": "exonerate",
        "start": 20999,
        "strand": 1,
        "transcript_id": "rna-Apple3",
        "type": "exon",
        "uniqueId": "test-offset-5-6",
      },
      Object {
        "end": 23000,
        "name": "rna-Apple3",
        "parentId": "test-offset-5",
        "phase": 0,
        "refName": "ctgA",
        "source": "exonerate",
        "start": 21200,
        "strand": 1,
        "transcript_id": "rna-Apple3",
        "type": "UTR",
        "uniqueId": "test-offset-5-7",
      },
    ],
    "transcript_id": "rna-Apple3",
    "type": "transcript",
    "uniqueId": "test-offset-5",
  },
]
`;

exports[`can instantiate new GtfAdapter and check for demo data 1`] = `
Array [
  Object {
    "end": 107987,
    "gene_biotype": "pseudogene",
    "gene_id": "ENSVPAG00000000407",
    "gene_source": "ensembl",
    "gene_version": "1",
    "name": "ENSVPAT00000000407",
    "phase": 0,
    "refName": "GeneScaffold_1",
    "source": "ensembl",
    "start": 107688,
    "strand": 1,
    "subfeatures": Array [
      Object {
        "end": 107715,
        "exon_id": "ENSVPAE00000004844",
        "exon_number": "1",
        "exon_version": "1",
        "gene_biotype": "pseudogene",
        "gene_id": "ENSVPAG00000000407",
        "gene_source": "ensembl",
        "gene_version": "1",
        "name": "ENSVPAT00000000407",
        "parentId": "test-offset-0",
        "phase": 0,
        "refName": "GeneScaffold_1",
        "source": "ensembl",
        "start": 107688,
        "strand": 1,
        "transcript_biotype": "pseudogene",
        "transcript_id": "ENSVPAT00000000407",
        "transcript_source": "ensembl",
        "transcript_version": "1",
        "type": "exon",
        "uniqueId": "test-offset-0-0",
      },
      Object {
        "end": 107812,
        "exon_id": "ENSVPAE00000004847",
        "exon_number": "2",
        "exon_version": "1",
        "gene_biotype": "pseudogene",
        "gene_id": "ENSVPAG00000000407",
        "gene_source": "ensembl",
        "gene_version": "1",
        "name": "ENSVPAT00000000407",
        "parentId": "test-offset-0",
        "phase": 0,
        "refName": "GeneScaffold_1",
        "source": "ensembl",
        "start": 107716,
        "strand": 1,
        "transcript_biotype": "pseudogene",
        "transcript_id": "ENSVPAT00000000407",
        "transcript_source": "ensembl",
        "transcript_version": "1",
        "type": "exon",
        "uniqueId": "test-offset-0-1",
      },
      Object {
        "end": 107877,
        "exon_id": "ENSVPAE00000004849",
        "exon_number": "3",
        "exon_version": "1",
        "gene_biotype": "pseudogene",
        "gene_id": "ENSVPAG00000000407",
        "gene_source": "ensembl",
        "gene_version": "1",
        "name": "ENSVPAT00000000407",
        "parentId": "test-offset-0",
        "phase": 0,
        "refName": "GeneScaffold_1",
        "source": "ensembl",
        "start": 107823,
        "strand": 1,
        "transcript_biotype": "pseudogene",
        "transcript_id": "ENSVPAT00000000407",
        "transcript_source": "ensembl",
        "transcript_version": "1",
        "type": "exon",
        "uniqueId": "test-offset-0-2",
      },
      Object {
        "end": 107895,
        "exon_id": "ENSVPAE00000156282",
        "exon_number": "4",
        "exon_version": "1",
        "gene_biotype": "pseudogene",
        "gene_id": "ENSVPAG00000000407",
        "gene_source": "ensembl",
        "gene_version": "1",
        "name": "ENSVPAT00000000407",
        "parentId": "test-offset-0",
        "phase": 0,
        "refName": "GeneScaffold_1",
        "source": "ensembl",
        "start": 107880,
        "strand": 1,
        "transcript_biotype": "pseudogene",
        "transcript_id": "ENSVPAT00000000407",
        "transcript_source": "ensembl",
        "transcript_version": "1",
        "type": "exon",
        "uniqueId": "test-offset-0-3",
      },
      Object {
        "end": 107917,
        "exon_id": "ENSVPAE00000188321",
        "exon_number": "5",
        "exon_version": "1",
        "gene_biotype": "pseudogene",
        "gene_id": "ENSVPAG00000000407",
        "gene_source": "ensembl",
        "gene_version": "1",
        "name": "ENSVPAT00000000407",
        "parentId": "test-offset-0",
        "phase": 0,
        "refName": "GeneScaffold_1",
        "source": "ensembl",
        "start": 107899,
        "strand": 1,
        "transcript_biotype": "pseudogene",
        "transcript_id": "ENSVPAT00000000407",
        "transcript_source": "ensembl",
        "transcript_version": "1",
        "type": "exon",
        "uniqueId": "test-offset-0-4",
      },
      Object {
        "end": 107987,
        "exon_id": "ENSVPAE00000004854",
        "exon_number": "6",
        "exon_version": "1",
        "gene_biotype": "pseudogene",
        "gene_id": "ENSVPAG00000000407",
        "gene_source": "ensembl",
        "gene_version": "1",
        "name": "ENSVPAT00000000407",
        "parentId": "test-offset-0",
        "phase": 0,
        "refName": "GeneScaffold_1",
        "source": "ensembl",
        "start": 107918,
        "strand": 1,
        "transcript_biotype": "pseudogene",
        "transcript_id": "ENSVPAT00000000407",
        "transcript_source": "ensembl",
        "transcript_version": "1",
        "type": "exon",
        "uniqueId": "test-offset-0-5",
      },
    ],
    "transcript_biotype": "pseudogene",
    "transcript_id": "ENSVPAT00000000407",
    "transcript_source": "ensembl",
    "transcript_version": "1",
    "type": "transcript",
    "uniqueId": "test-offset-0",
  },
]
`;
