// Jest Snapshot v1, https://goo.gl/fbAQLP

exports[`<AddTrackWidget /> renders 1`] = `
<div
  class="makeStyles-root"
>
  <div
    class="MuiPaper-root MuiStepper-root MuiStepper-vertical makeStyles-stepper MuiPaper-elevation0"
  >
    <div
      class="MuiStep-root MuiStep-vertical"
    >
      <span
        class="MuiStepLabel-root MuiStepLabel-vertical"
      >
        <span
          class="MuiStepLabel-iconContainer"
        >
          <svg
            aria-hidden="true"
            class="MuiSvgIcon-root MuiStepIcon-root MuiStepIcon-active"
            focusable="false"
            viewBox="0 0 24 24"
          >
            <circle
              cx="12"
              cy="12"
              r="12"
            />
            <text
              class="MuiStepIcon-text"
              text-anchor="middle"
              x="12"
              y="16"
            >
              1
            </text>
          </svg>
        </span>
        <span
          class="MuiStepLabel-labelContainer"
        >
          <span
            class="MuiTypography-root MuiStepLabel-label MuiStepLabel-active MuiTypography-body2 MuiTypography-displayBlock"
          >
            Enter track data
          </span>
        </span>
      </span>
      <div
        class="MuiStepContent-root"
        icon="1"
      >
        <div
          class="MuiCollapse-container MuiStepContent-transition MuiCollapse-entered"
          style="min-height: 0px;"
        >
          <div
            class="MuiCollapse-wrapper"
          >
            <div
              class="MuiCollapse-wrapperInner"
            >
              <div
                class="makeStyles-root"
              >
                <fieldset
                  class="MuiFormControl-root"
                >
                  <div
                    aria-label="Data location"
                    class="MuiFormGroup-root"
                    role="radiogroup"
                  >
                    <label
                      class="MuiFormControlLabel-root"
                    >
                      <span
                        aria-disabled="false"
                        class="MuiButtonBase-root MuiIconButton-root PrivateSwitchBase-root MuiRadio-root MuiRadio-colorSecondary PrivateSwitchBase-checked MuiRadio-checked MuiIconButton-colorSecondary"
                      >
                        <span
                          class="MuiIconButton-label"
                        >
                          <input
                            checked=""
                            class="PrivateSwitchBase-input"
                            data-testid="addTrackFromFileRadio"
                            name="TrackSourceSelectRadioGroup"
                            type="radio"
                            value="fromFile"
                          />
                          <div
                            class="PrivateRadioButtonIcon-root PrivateRadioButtonIcon-checked"
                          >
                            <svg
                              aria-hidden="true"
                              class="MuiSvgIcon-root"
                              focusable="false"
                              viewBox="0 0 24 24"
                            >
                              <path
                                d="M12 2C6.48 2 2 6.48 2 12s4.48 10 10 10 10-4.48 10-10S17.52 2 12 2zm0 18c-4.42 0-8-3.58-8-8s3.58-8 8-8 8 3.58 8 8-3.58 8-8 8z"
                              />
                            </svg>
                            <svg
                              aria-hidden="true"
                              class="MuiSvgIcon-root PrivateRadioButtonIcon-layer"
                              focusable="false"
                              viewBox="0 0 24 24"
                            >
                              <path
                                d="M8.465 8.465C9.37 7.56 10.62 7 12 7C14.76 7 17 9.24 17 12C17 13.38 16.44 14.63 15.535 15.535C14.63 16.44 13.38 17 12 17C9.24 17 7 14.76 7 12C7 10.62 7.56 9.37 8.465 8.465Z"
                              />
                            </svg>
                          </div>
                        </span>
                        <span
                          class="MuiTouchRipple-root"
                        />
                      </span>
                      <span
                        class="MuiTypography-root MuiFormControlLabel-label MuiTypography-body1"
                      >
                        Enter data source
                      </span>
                    </label>
                    <label
                      class="MuiFormControlLabel-root"
                    >
                      <span
                        aria-disabled="false"
                        class="MuiButtonBase-root MuiIconButton-root PrivateSwitchBase-root MuiRadio-root MuiRadio-colorSecondary MuiIconButton-colorSecondary"
                      >
                        <span
                          class="MuiIconButton-label"
                        >
                          <input
                            class="PrivateSwitchBase-input"
                            data-testid="addTrackFromConfigRadio"
                            name="TrackSourceSelectRadioGroup"
                            type="radio"
                            value="fromConfig"
                          />
                          <div
                            class="PrivateRadioButtonIcon-root"
                          >
                            <svg
                              aria-hidden="true"
                              class="MuiSvgIcon-root"
                              focusable="false"
                              viewBox="0 0 24 24"
                            >
                              <path
                                d="M12 2C6.48 2 2 6.48 2 12s4.48 10 10 10 10-4.48 10-10S17.52 2 12 2zm0 18c-4.42 0-8-3.58-8-8s3.58-8 8-8 8 3.58 8 8-3.58 8-8 8z"
                              />
                            </svg>
                            <svg
                              aria-hidden="true"
                              class="MuiSvgIcon-root PrivateRadioButtonIcon-layer"
                              focusable="false"
                              viewBox="0 0 24 24"
                            >
                              <path
                                d="M8.465 8.465C9.37 7.56 10.62 7 12 7C14.76 7 17 9.24 17 12C17 13.38 16.44 14.63 15.535 15.535C14.63 16.44 13.38 17 12 17C9.24 17 7 14.76 7 12C7 10.62 7.56 9.37 8.465 8.465Z"
                              />
                            </svg>
                          </div>
                        </span>
                        <span
                          class="MuiTouchRipple-root"
                        />
                      </span>
                      <span
                        class="MuiTypography-root MuiFormControlLabel-label MuiTypography-body1"
                      >
                        Enter data manually
                      </span>
                    </label>
                  </div>
                </fieldset>
                <div
                  class="MuiPaper-root makeStyles-paper MuiPaper-elevation1 MuiPaper-rounded"
                >
                  <label
                    class="MuiFormLabel-root MuiInputLabel-root MuiInputLabel-animated MuiInputLabel-shrink"
                    data-shrink="true"
                    for="callback-editor"
                  >
                    dataSourceLocation
                  </label>
                  <div
                    class="MuiGrid-root MuiGrid-container MuiGrid-spacing-xs-1 MuiGrid-align-items-xs-center"
                  >
                    <div
                      class="MuiGrid-root MuiGrid-item"
                    >
                      <div
                        aria-label="file or url picker"
                        class="MuiToggleButtonGroup-root"
                        role="group"
                      >
                        <button
                          aria-label="local file"
                          aria-pressed="false"
                          class="MuiButtonBase-root MuiToggleButton-root MuiToggleButtonGroup-grouped MuiToggleButtonGroup-groupedHorizontal MuiToggleButton-disabled MuiToggleButton-sizeSmall MuiButtonBase-disabled"
                          disabled=""
                          tabindex="-1"
                          type="button"
                          value="file"
                        >
                          <span
                            class="MuiToggleButton-label"
                          >
                            File
                          </span>
                        </button>
                        <button
                          aria-label="url"
                          aria-pressed="true"
                          class="MuiButtonBase-root MuiToggleButton-root MuiToggleButtonGroup-grouped MuiToggleButtonGroup-groupedHorizontal MuiToggleButton-selected MuiToggleButton-sizeSmall"
                          tabindex="0"
                          type="button"
                          value="url"
                        >
                          <span
                            class="MuiToggleButton-label"
                          >
                            Url
                          </span>
                          <span
                            class="MuiTouchRipple-root"
                          />
                        </button>
                      </div>
                    </div>
                    <div
                      class="MuiGrid-root MuiGrid-item"
                    >
                      <div
                        class="MuiFormControl-root MuiTextField-root MuiFormControl-marginDense MuiFormControl-fullWidth"
                      >
                        <div
                          class="MuiInputBase-root MuiInput-root MuiInput-underline MuiInputBase-fullWidth MuiInput-fullWidth MuiInputBase-formControl MuiInput-formControl MuiInputBase-marginDense MuiInput-marginDense"
                        >
                          <input
                            aria-invalid="false"
                            class="MuiInputBase-input MuiInput-input MuiInputBase-inputMarginDense MuiInput-inputMarginDense"
                            type="text"
                            value=""
                          />
                        </div>
                      </div>
                    </div>
                  </div>
                  <p
                    class="MuiFormHelperText-root"
                  />
                </div>
              </div>
              <div
                class="makeStyles-actionsContainer"
              >
                <button
                  class="MuiButtonBase-root MuiButton-root MuiButton-text makeStyles-button MuiButton-disabled MuiButtonBase-disabled"
                  disabled=""
                  tabindex="-1"
                  type="button"
                >
                  <span
                    class="MuiButton-label"
                  >
                    Back
                  </span>
                </button>
                <button
                  class="MuiButtonBase-root MuiButton-root MuiButton-contained makeStyles-button MuiButton-containedPrimary MuiButton-disabled MuiButtonBase-disabled"
                  data-testid="addTrackNextButton"
                  disabled=""
                  tabindex="-1"
                  type="button"
                >
                  <span
                    class="MuiButton-label"
                  >
                    Next
                  </span>
                </button>
              </div>
            </div>
          </div>
        </div>
      </div>
    </div>
    <div
      class="MuiStepConnector-root MuiStepConnector-vertical MuiStepConnector-disabled"
    >
      <span
        class="MuiStepConnector-line MuiStepConnector-lineVertical"
      />
    </div>
    <div
      class="MuiStep-root MuiStep-vertical"
    >
      <span
        class="MuiStepLabel-root MuiStepLabel-vertical MuiStepLabel-disabled"
      >
        <span
          class="MuiStepLabel-iconContainer"
        >
          <svg
            aria-hidden="true"
            class="MuiSvgIcon-root MuiStepIcon-root"
            focusable="false"
            viewBox="0 0 24 24"
          >
            <circle
              cx="12"
              cy="12"
              r="12"
            />
            <text
              class="MuiStepIcon-text"
              text-anchor="middle"
              x="12"
              y="16"
            >
              2
            </text>
          </svg>
        </span>
        <span
          class="MuiStepLabel-labelContainer"
        >
          <span
            class="MuiTypography-root MuiStepLabel-label MuiTypography-body2 MuiTypography-displayBlock"
          >
            Confirm track type
          </span>
        </span>
      </span>
      <div
        class="MuiStepContent-root MuiStepContent-last"
        disabled=""
        icon="2"
      />
    </div>
  </div>
</div>
`;
