// Jest Snapshot v1, https://goo.gl/fbAQLP

exports[`<TrackSourceSelect /> renders 1`] = `
<div
  class="makeStyles-root"
>
  <fieldset
    class="MuiFormControl-root"
  >
    <div
      aria-label="Data location"
      class="MuiFormGroup-root"
      role="radiogroup"
    >
      <label
        class="MuiFormControlLabel-root"
      >
        <span
          aria-disabled="false"
          class="MuiButtonBase-root MuiIconButton-root PrivateSwitchBase-root MuiRadio-root MuiRadio-colorSecondary PrivateSwitchBase-checked MuiRadio-checked MuiIconButton-colorSecondary"
        >
          <span
            class="MuiIconButton-label"
          >
            <div
              class="PrivateRadioButtonIcon-root PrivateRadioButtonIcon-checked"
            >
              <svg
                aria-hidden="true"
                class="MuiSvgIcon-root"
                focusable="false"
                role="presentation"
                viewBox="0 0 24 24"
              >
                <path
                  d="M12 2C6.48 2 2 6.48 2 12s4.48 10 10 10 10-4.48 10-10S17.52 2 12 2zm0 18c-4.42 0-8-3.58-8-8s3.58-8 8-8 8 3.58 8 8-3.58 8-8 8z"
                />
              </svg>
              <svg
                aria-hidden="true"
                class="MuiSvgIcon-root PrivateRadioButtonIcon-layer"
                focusable="false"
                role="presentation"
                viewBox="0 0 24 24"
              >
                <path
                  d="M8.465 8.465C9.37 7.56 10.62 7 12 7C14.76 7 17 9.24 17 12C17 13.38 16.44 14.63 15.535 15.535C14.63 16.44 13.38 17 12 17C9.24 17 7 14.76 7 12C7 10.62 7.56 9.37 8.465 8.465Z"
                />
              </svg>
            </div>
            <input
              checked=""
              class="PrivateSwitchBase-input"
              data-testid="addTrackFromFileRadio"
              type="radio"
              value="fromFile"
            />
          </span>
          <span
            class="MuiTouchRipple-root"
          />
        </span>
        <span
          class="MuiTypography-root MuiFormControlLabel-label MuiTypography-body1"
        >
          Enter data source
        </span>
      </label>
      <label
        class="MuiFormControlLabel-root"
      >
        <span
          aria-disabled="false"
          class="MuiButtonBase-root MuiIconButton-root PrivateSwitchBase-root MuiRadio-root MuiRadio-colorSecondary MuiIconButton-colorSecondary"
        >
          <span
            class="MuiIconButton-label"
          >
            <div
              class="PrivateRadioButtonIcon-root"
            >
              <svg
                aria-hidden="true"
                class="MuiSvgIcon-root"
                focusable="false"
                role="presentation"
                viewBox="0 0 24 24"
              >
                <path
                  d="M12 2C6.48 2 2 6.48 2 12s4.48 10 10 10 10-4.48 10-10S17.52 2 12 2zm0 18c-4.42 0-8-3.58-8-8s3.58-8 8-8 8 3.58 8 8-3.58 8-8 8z"
                />
              </svg>
              <svg
                aria-hidden="true"
                class="MuiSvgIcon-root PrivateRadioButtonIcon-layer"
                focusable="false"
                role="presentation"
                viewBox="0 0 24 24"
              >
                <path
                  d="M8.465 8.465C9.37 7.56 10.62 7 12 7C14.76 7 17 9.24 17 12C17 13.38 16.44 14.63 15.535 15.535C14.63 16.44 13.38 17 12 17C9.24 17 7 14.76 7 12C7 10.62 7.56 9.37 8.465 8.465Z"
                />
              </svg>
            </div>
            <input
              class="PrivateSwitchBase-input"
              data-testid="addTrackFromConfigRadio"
              type="radio"
              value="fromConfig"
            />
          </span>
          <span
            class="MuiTouchRipple-root"
          />
        </span>
        <span
          class="MuiTypography-root MuiFormControlLabel-label MuiTypography-body1"
        >
          Enter data manually
        </span>
      </label>
    </div>
  </fieldset>
  <div
    class="MuiPaper-root MuiPaper-elevation1 makeStyles-paper MuiPaper-rounded"
  >
    <fieldset
      class="MuiFormControl-root"
    >
      <div
        class="MuiFormGroup-root"
        role="radiogroup"
      >
        <label
          class="MuiFormControlLabel-root"
        >
          <span
            aria-disabled="false"
            class="MuiButtonBase-root MuiIconButton-root PrivateSwitchBase-root MuiRadio-root MuiRadio-colorSecondary PrivateSwitchBase-checked MuiRadio-checked MuiIconButton-colorSecondary"
          >
            <span
              class="MuiIconButton-label"
            >
              <div
                class="PrivateRadioButtonIcon-root PrivateRadioButtonIcon-checked"
              >
                <svg
                  aria-hidden="true"
                  class="MuiSvgIcon-root"
                  focusable="false"
                  role="presentation"
                  viewBox="0 0 24 24"
                >
                  <path
                    d="M12 2C6.48 2 2 6.48 2 12s4.48 10 10 10 10-4.48 10-10S17.52 2 12 2zm0 18c-4.42 0-8-3.58-8-8s3.58-8 8-8 8 3.58 8 8-3.58 8-8 8z"
                  />
                </svg>
                <svg
                  aria-hidden="true"
                  class="MuiSvgIcon-root PrivateRadioButtonIcon-layer"
                  focusable="false"
                  role="presentation"
                  viewBox="0 0 24 24"
                >
                  <path
                    d="M8.465 8.465C9.37 7.56 10.62 7 12 7C14.76 7 17 9.24 17 12C17 13.38 16.44 14.63 15.535 15.535C14.63 16.44 13.38 17 12 17C9.24 17 7 14.76 7 12C7 10.62 7.56 9.37 8.465 8.465Z"
                  />
                </svg>
              </div>
              <input
                checked=""
                class="PrivateSwitchBase-input"
                type="radio"
                value="uri"
              />
            </span>
            <span
              class="MuiTouchRipple-root"
            />
          </span>
          <span
            class="MuiTypography-root MuiFormControlLabel-label MuiTypography-body1"
          >
            URL
          </span>
        </label>
        <label
          class="MuiFormControlLabel-root MuiFormControlLabel-disabled"
        >
          <span
            aria-disabled="true"
            class="MuiButtonBase-root MuiIconButton-root PrivateSwitchBase-root MuiRadio-root MuiRadio-colorSecondary PrivateSwitchBase-disabled MuiRadio-disabled MuiIconButton-colorSecondary MuiIconButton-disabled MuiButtonBase-disabled"
            tabindex="-1"
          >
            <span
              class="MuiIconButton-label"
            >
              <div
                class="PrivateRadioButtonIcon-root"
              >
                <svg
                  aria-hidden="true"
                  class="MuiSvgIcon-root"
                  focusable="false"
                  role="presentation"
                  viewBox="0 0 24 24"
                >
                  <path
                    d="M12 2C6.48 2 2 6.48 2 12s4.48 10 10 10 10-4.48 10-10S17.52 2 12 2zm0 18c-4.42 0-8-3.58-8-8s3.58-8 8-8 8 3.58 8 8-3.58 8-8 8z"
                  />
                </svg>
                <svg
                  aria-hidden="true"
                  class="MuiSvgIcon-root PrivateRadioButtonIcon-layer"
                  focusable="false"
                  role="presentation"
                  viewBox="0 0 24 24"
                >
                  <path
                    d="M8.465 8.465C9.37 7.56 10.62 7 12 7C14.76 7 17 9.24 17 12C17 13.38 16.44 14.63 15.535 15.535C14.63 16.44 13.38 17 12 17C9.24 17 7 14.76 7 12C7 10.62 7.56 9.37 8.465 8.465Z"
                  />
                </svg>
              </div>
              <input
                class="PrivateSwitchBase-input"
                disabled=""
                type="radio"
                value="localPath"
              />
            </span>
          </span>
          <span
            class="MuiTypography-root MuiFormControlLabel-label MuiFormControlLabel-disabled MuiTypography-body1"
          >
            Local File
          </span>
        </label>
      </div>
    </fieldset>
    <div
      class="MuiFormControl-root MuiTextField-root MuiFormControl-fullWidth"
    >
      <label
        class="MuiFormLabel-root MuiInputLabel-root MuiInputLabel-formControl MuiInputLabel-animated"
        data-shrink="false"
      >
        dataSourceLocation
      </label>
      <div
        class="MuiInputBase-root MuiInput-root MuiInput-underline MuiInputBase-fullWidth MuiInput-fullWidth MuiInputBase-formControl MuiInput-formControl"
      >
        <input
          aria-invalid="false"
          class="MuiInputBase-input MuiInput-input"
          type="text"
          value=""
        />
      </div>
      
    </div>
  </div>
</div>
`;
