// Jest Snapshot v1, https://goo.gl/fbAQLP

exports[`adapter can fetch features from volvox.bw 1`] = `
Array [
  Object {
    "end": 1003,
    "parentID": undefined,
    "score": 18,
    "start": 1002,
  },
  Object {
    "end": 1004,
    "parentID": undefined,
    "score": 18,
    "start": 1003,
  },
  Object {
    "end": 1005,
    "parentID": undefined,
    "score": 18,
    "start": 1004,
  },
  Object {
    "end": 1006,
    "parentID": undefined,
    "score": 19,
    "start": 1005,
  },
  Object {
    "end": 1007,
    "parentID": undefined,
    "score": 20,
    "start": 1006,
  },
  Object {
    "end": 1008,
    "parentID": undefined,
    "score": 20,
    "start": 1007,
  },
  Object {
    "end": 1009,
    "parentID": undefined,
    "score": 20,
    "start": 1008,
  },
  Object {
    "end": 1010,
    "parentID": undefined,
    "score": 20,
    "start": 1009,
  },
  Object {
    "end": 1011,
    "parentID": undefined,
    "score": 20,
    "start": 1010,
  },
  Object {
    "end": 1012,
    "parentID": undefined,
    "score": 19,
    "start": 1011,
  },
]
`;
