// Jest Snapshot v1, https://goo.gl/fbAQLP

exports[`ConfigurationEditor drawer widget renders with defaults of the AlignmentsTrack schema 1`] = `
<div
  className="ConfigurationEditor-root-1"
>
  <div
    className="ConfigurationEditor-slotContainer-6"
  >
    <div
      className="MuiFormControl-root-8 MuiFormControl-fullWidth-11"
    >
      <label
        className="MuiFormLabel-root-23 MuiFormLabel-filled-27 MuiInputLabel-root-12 MuiInputLabel-formControl-17 MuiInputLabel-animated-20 MuiInputLabel-shrink-19"
        data-shrink={true}
      >
        name
      </label>
      <div
        className="MuiInputBase-root-43 MuiInput-root-30 MuiInput-underline-34 MuiInputBase-fullWidth-52 MuiInput-fullWidth-37 MuiInputBase-formControl-44 MuiInput-formControl-31"
        onClick={[Function]}
      >
        <input
          aria-invalid={false}
          className="MuiInputBase-input-53 MuiInput-input-38"
          disabled={false}
          onBlur={[Function]}
          onChange={[Function]}
          onFocus={[Function]}
          required={false}
          type="text"
          value="Track"
        />
      </div>
      <p
        className="MuiFormHelperText-root-69 MuiFormHelperText-filled-75"
      >
        descriptive name of the track
      </p>
    </div>
    <button
      className="ConfigurationEditor-slotModeSwitch-7"
      onClick={[Function]}
      title="convert to callback"
      type="button"
    >
      <svg
        aria-hidden="true"
        className="MuiSvgIcon-root-60"
        focusable="false"
        role="presentation"
        viewBox="0 0 24 24"
      >
        <path
          d="M20.41,3C21.8,5.71 22.35,8.84 22,12C21.8,15.16 20.7,18.29 18.83,21L17.3,20C18.91,17.57 19.85,14.8 20,12C20.34,9.2 19.89,6.43 18.7,4L20.41,3M5.17,3L6.7,4C5.09,6.43 4.15,9.2 4,12C3.66,14.8 4.12,17.57 5.3,20L3.61,21C2.21,18.29 1.65,15.17 2,12C2.2,8.84 3.3,5.71 5.17,3M12.08,10.68L14.4,7.45H16.93L13.15,12.45L15.35,17.37H13.09L11.71,14L9.28,17.33H6.76L10.66,12.21L8.53,7.45H10.8L12.08,10.68Z"
        />
      </svg>
    </button>
  </div>
  <div
    className="ConfigurationEditor-slotContainer-6"
  >
    <div
      className="MuiFormControl-root-77 MuiFormControl-fullWidth-80"
      onClick={[Function]}
    >
      <label
        className="MuiFormLabel-root-92 MuiFormLabel-filled-96 MuiInputLabel-root-81 MuiInputLabel-formControl-86 MuiInputLabel-animated-89 MuiInputLabel-shrink-88"
        data-shrink={true}
      >
        backgroundColor
      </label>
      <div
        className="MuiInputBase-root-112 MuiInput-root-99 MuiInput-underline-103 MuiInputBase-fullWidth-121 MuiInput-fullWidth-106 MuiInputBase-formControl-113 MuiInput-formControl-100"
        onClick={[Function]}
        style={
          Object {
            "borderRightColor": "#eee",
            "borderRightStyle": "solid",
            "borderRightWidth": "25px",
            "color": "#eee",
          }
        }
      >
        <input
          aria-invalid={false}
          className="MuiInputBase-input-122 MuiInput-input-107"
          disabled={false}
          name="color"
          onBlur={[Function]}
          onChange={[Function]}
          onFocus={[Function]}
          required={false}
          type="text"
          value="#eee"
        />
      </div>
      <p
        className="MuiFormHelperText-root-129 MuiFormHelperText-filled-135"
      >
        the track's background color
      </p>
    </div>
    <button
      className="ConfigurationEditor-slotModeSwitch-7"
      onClick={[Function]}
      title="convert to callback"
      type="button"
    >
      <svg
        aria-hidden="true"
        className="MuiSvgIcon-root-60"
        focusable="false"
        role="presentation"
        viewBox="0 0 24 24"
      >
        <path
          d="M20.41,3C21.8,5.71 22.35,8.84 22,12C21.8,15.16 20.7,18.29 18.83,21L17.3,20C18.91,17.57 19.85,14.8 20,12C20.34,9.2 19.89,6.43 18.7,4L20.41,3M5.17,3L6.7,4C5.09,6.43 4.15,9.2 4,12C3.66,14.8 4.12,17.57 5.3,20L3.61,21C2.21,18.29 1.65,15.17 2,12C2.2,8.84 3.3,5.71 5.17,3M12.08,10.68L14.4,7.45H16.93L13.15,12.45L15.35,17.37H13.09L11.71,14L9.28,17.33H6.76L10.66,12.21L8.53,7.45H10.8L12.08,10.68Z"
        />
      </svg>
    </button>
  </div>
  <div
    className="ConfigurationEditor-slotContainer-6"
  >
    <div
      className="MuiFormControl-root-8 MuiFormControl-fullWidth-11"
    >
      <label
        className="MuiFormLabel-root-23 MuiInputLabel-root-12 MuiInputLabel-formControl-17 MuiInputLabel-animated-20"
        data-shrink={false}
      >
        description
      </label>
      <div
        className="MuiInputBase-root-43 MuiInput-root-30 MuiInput-underline-34 MuiInputBase-fullWidth-52 MuiInput-fullWidth-37 MuiInputBase-formControl-44 MuiInput-formControl-31"
        onClick={[Function]}
      >
        <input
          aria-invalid={false}
          className="MuiInputBase-input-53 MuiInput-input-38"
          disabled={false}
          onBlur={[Function]}
          onChange={[Function]}
          onFocus={[Function]}
          required={false}
          type="text"
          value=""
        />
      </div>
      <p
        className="MuiFormHelperText-root-69"
      >
        a description of the track
      </p>
    </div>
    <button
      className="ConfigurationEditor-slotModeSwitch-7"
      onClick={[Function]}
      title="convert to callback"
      type="button"
    >
      <svg
        aria-hidden="true"
        className="MuiSvgIcon-root-60"
        focusable="false"
        role="presentation"
        viewBox="0 0 24 24"
      >
        <path
          d="M20.41,3C21.8,5.71 22.35,8.84 22,12C21.8,15.16 20.7,18.29 18.83,21L17.3,20C18.91,17.57 19.85,14.8 20,12C20.34,9.2 19.89,6.43 18.7,4L20.41,3M5.17,3L6.7,4C5.09,6.43 4.15,9.2 4,12C3.66,14.8 4.12,17.57 5.3,20L3.61,21C2.21,18.29 1.65,15.17 2,12C2.2,8.84 3.3,5.71 5.17,3M12.08,10.68L14.4,7.45H16.93L13.15,12.45L15.35,17.37H13.09L11.71,14L9.28,17.33H6.76L10.66,12.21L8.53,7.45H10.8L12.08,10.68Z"
        />
      </svg>
    </button>
  </div>
  <div
    className="ConfigurationEditor-slotContainer-6"
  >
    <label
      className="MuiFormLabel-root-23 MuiInputLabel-root-12 MuiInputLabel-animated-20"
    >
      category
    </label>
    <div>
      <button
        onClick={[Function]}
        type="button"
      >
        add
      </button>
    </div>
    <p
      className="MuiFormHelperText-root-69"
    >
      
    </p>
    <button
      className="ConfigurationEditor-slotModeSwitch-7"
      onClick={[Function]}
      title="convert to callback"
      type="button"
    >
      <svg
        aria-hidden="true"
        className="MuiSvgIcon-root-60"
        focusable="false"
        role="presentation"
        viewBox="0 0 24 24"
      >
        <path
          d="M20.41,3C21.8,5.71 22.35,8.84 22,12C21.8,15.16 20.7,18.29 18.83,21L17.3,20C18.91,17.57 19.85,14.8 20,12C20.34,9.2 19.89,6.43 18.7,4L20.41,3M5.17,3L6.7,4C5.09,6.43 4.15,9.2 4,12C3.66,14.8 4.12,17.57 5.3,20L3.61,21C2.21,18.29 1.65,15.17 2,12C2.2,8.84 3.3,5.71 5.17,3M12.08,10.68L14.4,7.45H16.93L13.15,12.45L15.35,17.37H13.09L11.71,14L9.28,17.33H6.76L10.66,12.21L8.53,7.45H10.8L12.08,10.68Z"
        />
      </svg>
    </button>
  </div>
  <label
    className="MuiFormLabel-root-23"
  >
    adapter
  </label>
  <div
    className="ConfigurationEditor-subSchemaContainer-2"
  >
    <div
      className="MuiFormGroup-root-137"
    >
      <div
        className="ConfigurationEditor-slotContainer-6"
      >
        <div
          className="MuiFormControl-root-8 MuiFormControl-fullWidth-11"
        >
          <label
            className="MuiFormLabel-root-23 MuiFormLabel-filled-27 MuiInputLabel-root-12 MuiInputLabel-formControl-17 MuiInputLabel-animated-20 MuiInputLabel-shrink-19"
            data-shrink={true}
          >
            bamLocation
          </label>
          <div
            className="MuiInputBase-root-43 MuiInput-root-30 MuiInput-underline-34 MuiInputBase-fullWidth-52 MuiInput-fullWidth-37 MuiInputBase-formControl-44 MuiInput-formControl-31"
            onClick={[Function]}
          >
            <input
              aria-invalid={false}
              className="MuiInputBase-input-53 MuiInput-input-38"
              disabled={false}
              onBlur={[Function]}
              onChange={[Function]}
              onFocus={[Function]}
              required={false}
              type="text"
              value="/path/to/my.bam"
            />
          </div>
          
        </div>
        <button
          className="ConfigurationEditor-slotModeSwitch-7"
          onClick={[Function]}
          title="convert to callback"
          type="button"
        >
          <svg
            aria-hidden="true"
            className="MuiSvgIcon-root-60"
            focusable="false"
            role="presentation"
            viewBox="0 0 24 24"
          >
            <path
              d="M20.41,3C21.8,5.71 22.35,8.84 22,12C21.8,15.16 20.7,18.29 18.83,21L17.3,20C18.91,17.57 19.85,14.8 20,12C20.34,9.2 19.89,6.43 18.7,4L20.41,3M5.17,3L6.7,4C5.09,6.43 4.15,9.2 4,12C3.66,14.8 4.12,17.57 5.3,20L3.61,21C2.21,18.29 1.65,15.17 2,12C2.2,8.84 3.3,5.71 5.17,3M12.08,10.68L14.4,7.45H16.93L13.15,12.45L15.35,17.37H13.09L11.71,14L9.28,17.33H6.76L10.66,12.21L8.53,7.45H10.8L12.08,10.68Z"
            />
          </svg>
        </button>
      </div>
      <div
        className="ConfigurationEditor-slotContainer-6"
      >
        <div
          className="MuiFormControl-root-8 MuiFormControl-fullWidth-11"
        >
          <label
            className="MuiFormLabel-root-23 MuiInputLabel-root-12 MuiInputLabel-formControl-17 MuiInputLabel-animated-20"
            data-shrink={false}
          >
            assemblyName
          </label>
          <div
            className="MuiInputBase-root-43 MuiInput-root-30 MuiInput-underline-34 MuiInputBase-fullWidth-52 MuiInput-fullWidth-37 MuiInputBase-formControl-44 MuiInput-formControl-31"
            onClick={[Function]}
          >
            <input
              aria-invalid={false}
              className="MuiInputBase-input-53 MuiInput-input-38"
              disabled={false}
              onBlur={[Function]}
              onChange={[Function]}
              onFocus={[Function]}
              required={false}
              type="text"
              value=""
            />
          </div>
          
        </div>
        <button
          className="ConfigurationEditor-slotModeSwitch-7"
          onClick={[Function]}
          title="convert to callback"
          type="button"
        >
          <svg
            aria-hidden="true"
            className="MuiSvgIcon-root-60"
            focusable="false"
            role="presentation"
            viewBox="0 0 24 24"
          >
            <path
              d="M20.41,3C21.8,5.71 22.35,8.84 22,12C21.8,15.16 20.7,18.29 18.83,21L17.3,20C18.91,17.57 19.85,14.8 20,12C20.34,9.2 19.89,6.43 18.7,4L20.41,3M5.17,3L6.7,4C5.09,6.43 4.15,9.2 4,12C3.66,14.8 4.12,17.57 5.3,20L3.61,21C2.21,18.29 1.65,15.17 2,12C2.2,8.84 3.3,5.71 5.17,3M12.08,10.68L14.4,7.45H16.93L13.15,12.45L15.35,17.37H13.09L11.71,14L9.28,17.33H6.76L10.66,12.21L8.53,7.45H10.8L12.08,10.68Z"
            />
          </svg>
        </button>
      </div>
      <label
        className="MuiFormLabel-root-23"
      >
        index
      </label>
      <div
        className="ConfigurationEditor-subSchemaContainer-2"
      >
        <div
          className="MuiFormGroup-root-137"
        >
          <div
            className="ConfigurationEditor-slotContainer-6"
          >
            <div
              className="MuiFormControl-root-8 MuiFormControl-fullWidth-11"
            >
              <label
                className="MuiFormLabel-root-23 MuiFormLabel-filled-27 MuiInputLabel-root-12 MuiInputLabel-formControl-17 MuiInputLabel-animated-20 MuiInputLabel-shrink-19"
                data-shrink={true}
              >
                indexType
              </label>
              <div
                className="MuiInputBase-root-43 MuiInput-root-30 MuiInput-underline-34 MuiInputBase-fullWidth-52 MuiInput-fullWidth-37 MuiInputBase-formControl-44 MuiInput-formControl-31"
                onClick={[Function]}
              >
                <div
                  className="MuiSelect-root-139"
                >
                  <div
                    aria-haspopup="true"
                    aria-pressed="false"
                    className="MuiSelect-select-140 MuiSelect-selectMenu-143 MuiInputBase-input-53 MuiInput-input-38"
                    onBlur={[Function]}
                    onClick={[Function]}
                    onFocus={[Function]}
                    onKeyDown={[Function]}
                    role="button"
                    tabIndex={0}
                  >
                    BAI
                  </div>
                  <input
                    type="hidden"
                    value="BAI"
                  />
                  <svg
                    aria-hidden="true"
                    className="MuiSvgIcon-root-60 MuiSelect-icon-145"
                    focusable="false"
                    role="presentation"
                    viewBox="0 0 24 24"
                  >
                    <path
                      d="M7 10l5 5 5-5z"
                    />
                  </svg>
                </div>
              </div>
              
            </div>
            <button
              className="ConfigurationEditor-slotModeSwitch-7"
              onClick={[Function]}
              title="convert to callback"
              type="button"
            >
              <svg
                aria-hidden="true"
                className="MuiSvgIcon-root-60"
                focusable="false"
                role="presentation"
                viewBox="0 0 24 24"
              >
                <path
                  d="M20.41,3C21.8,5.71 22.35,8.84 22,12C21.8,15.16 20.7,18.29 18.83,21L17.3,20C18.91,17.57 19.85,14.8 20,12C20.34,9.2 19.89,6.43 18.7,4L20.41,3M5.17,3L6.7,4C5.09,6.43 4.15,9.2 4,12C3.66,14.8 4.12,17.57 5.3,20L3.61,21C2.21,18.29 1.65,15.17 2,12C2.2,8.84 3.3,5.71 5.17,3M12.08,10.68L14.4,7.45H16.93L13.15,12.45L15.35,17.37H13.09L11.71,14L9.28,17.33H6.76L10.66,12.21L8.53,7.45H10.8L12.08,10.68Z"
                />
              </svg>
            </button>
          </div>
          <div
            className="ConfigurationEditor-slotContainer-6"
          >
            <div
              className="MuiFormControl-root-8 MuiFormControl-fullWidth-11"
            >
              <label
                className="MuiFormLabel-root-23 MuiFormLabel-filled-27 MuiInputLabel-root-12 MuiInputLabel-formControl-17 MuiInputLabel-animated-20 MuiInputLabel-shrink-19"
                data-shrink={true}
              >
                location
              </label>
              <div
                className="MuiInputBase-root-43 MuiInput-root-30 MuiInput-underline-34 MuiInputBase-fullWidth-52 MuiInput-fullWidth-37 MuiInputBase-formControl-44 MuiInput-formControl-31"
                onClick={[Function]}
              >
                <input
                  aria-invalid={false}
                  className="MuiInputBase-input-53 MuiInput-input-38"
                  disabled={false}
                  onBlur={[Function]}
                  onChange={[Function]}
                  onFocus={[Function]}
                  required={false}
                  type="text"
                  value="/path/to/my.bam.bai"
                />
              </div>
              
            </div>
            <button
              className="ConfigurationEditor-slotModeSwitch-7"
              onClick={[Function]}
              title="convert to callback"
              type="button"
            >
              <svg
                aria-hidden="true"
                className="MuiSvgIcon-root-60"
                focusable="false"
                role="presentation"
                viewBox="0 0 24 24"
              >
                <path
                  d="M20.41,3C21.8,5.71 22.35,8.84 22,12C21.8,15.16 20.7,18.29 18.83,21L17.3,20C18.91,17.57 19.85,14.8 20,12C20.34,9.2 19.89,6.43 18.7,4L20.41,3M5.17,3L6.7,4C5.09,6.43 4.15,9.2 4,12C3.66,14.8 4.12,17.57 5.3,20L3.61,21C2.21,18.29 1.65,15.17 2,12C2.2,8.84 3.3,5.71 5.17,3M12.08,10.68L14.4,7.45H16.93L13.15,12.45L15.35,17.37H13.09L11.71,14L9.28,17.33H6.76L10.66,12.21L8.53,7.45H10.8L12.08,10.68Z"
                />
              </svg>
            </button>
          </div>
        </div>
      </div>
    </div>
  </div>
  <div
    className="ConfigurationEditor-slotContainer-6"
  >
    <div
      className="MuiFormControl-root-8 MuiFormControl-fullWidth-11"
    >
      <label
        className="MuiFormLabel-root-23 MuiFormLabel-filled-27 MuiInputLabel-root-12 MuiInputLabel-formControl-17 MuiInputLabel-animated-20 MuiInputLabel-shrink-19"
        data-shrink={true}
      >
        defaultRendering
      </label>
      <div
        className="MuiInputBase-root-43 MuiInput-root-30 MuiInput-underline-34 MuiInputBase-fullWidth-52 MuiInput-fullWidth-37 MuiInputBase-formControl-44 MuiInput-formControl-31"
        onClick={[Function]}
      >
        <div
          className="MuiSelect-root-139"
        >
          <div
            aria-haspopup="true"
            aria-pressed="false"
            className="MuiSelect-select-140 MuiSelect-selectMenu-143 MuiInputBase-input-53 MuiInput-input-38"
            onBlur={[Function]}
            onClick={[Function]}
            onFocus={[Function]}
            onKeyDown={[Function]}
            role="button"
            tabIndex={0}
          >
            pileup
          </div>
          <input
            type="hidden"
            value="pileup"
          />
          <svg
            aria-hidden="true"
            className="MuiSvgIcon-root-60 MuiSelect-icon-145"
            focusable="false"
            role="presentation"
            viewBox="0 0 24 24"
          >
            <path
              d="M7 10l5 5 5-5z"
            />
          </svg>
        </div>
      </div>
      
    </div>
    <button
      className="ConfigurationEditor-slotModeSwitch-7"
      onClick={[Function]}
      title="convert to callback"
      type="button"
    >
      <svg
        aria-hidden="true"
        className="MuiSvgIcon-root-60"
        focusable="false"
        role="presentation"
        viewBox="0 0 24 24"
      >
        <path
          d="M20.41,3C21.8,5.71 22.35,8.84 22,12C21.8,15.16 20.7,18.29 18.83,21L17.3,20C18.91,17.57 19.85,14.8 20,12C20.34,9.2 19.89,6.43 18.7,4L20.41,3M5.17,3L6.7,4C5.09,6.43 4.15,9.2 4,12C3.66,14.8 4.12,17.57 5.3,20L3.61,21C2.21,18.29 1.65,15.17 2,12C2.2,8.84 3.3,5.71 5.17,3M12.08,10.68L14.4,7.45H16.93L13.15,12.45L15.35,17.37H13.09L11.71,14L9.28,17.33H6.76L10.66,12.21L8.53,7.45H10.8L12.08,10.68Z"
        />
      </svg>
    </button>
  </div>
  <label
    className="MuiFormLabel-root-23"
  >
    renderers
  </label>
  <div
    className="ConfigurationEditor-subSchemaContainer-2"
  >
    <div
      className="MuiFormGroup-root-137"
    >
      <label
        className="MuiFormLabel-root-23"
      >
        PileupRenderer
      </label>
      <div
        className="ConfigurationEditor-subSchemaContainer-2"
      >
        <div
          className="MuiFormGroup-root-137"
        >
          <div
            className="ConfigurationEditor-slotContainer-6"
          >
            <textarea
              onChange={[Function]}
              value="function(feature) { var s = feature.get('strand'); return s === '-' || s === -1 ? 'blue': 'red' }"
            />
            <button
              className="ConfigurationEditor-slotModeSwitch-7"
              onClick={[Function]}
              title="convert to regular value"
              type="button"
            >
              <span
                aria-hidden="true"
                className="material-icons MuiIcon-root-150"
              >
                radio_button_unchecked
              </span>
            </button>
          </div>
          <div
            className="ConfigurationEditor-slotContainer-6"
          >
            <div
              className="MuiFormControl-root-8"
            >
              <label
                className="MuiFormLabel-root-23 MuiFormLabel-filled-27 MuiInputLabel-root-12 MuiInputLabel-formControl-17 MuiInputLabel-animated-20 MuiInputLabel-shrink-19"
                data-shrink={true}
              >
                alignmentHeight
              </label>
              <div
                className="MuiInputBase-root-43 MuiInput-root-30 MuiInput-underline-34 MuiInputBase-formControl-44 MuiInput-formControl-31"
                onClick={[Function]}
              >
                <input
                  aria-invalid={false}
                  className="MuiInputBase-input-53 MuiInput-input-38 MuiInputBase-inputType-56 MuiInput-inputType-41"
                  disabled={false}
                  onBlur={[Function]}
                  onChange={[Function]}
                  onFocus={[Function]}
                  required={false}
                  type="number"
                  value={5}
                />
              </div>
              <p
                className="MuiFormHelperText-root-69 MuiFormHelperText-filled-75"
              >
                the height of each feature in a pileup alignment
              </p>
            </div>
            <button
              className="ConfigurationEditor-slotModeSwitch-7"
              onClick={[Function]}
              title="convert to callback"
              type="button"
            >
              <svg
                aria-hidden="true"
                className="MuiSvgIcon-root-60"
                focusable="false"
                role="presentation"
                viewBox="0 0 24 24"
              >
                <path
                  d="M20.41,3C21.8,5.71 22.35,8.84 22,12C21.8,15.16 20.7,18.29 18.83,21L17.3,20C18.91,17.57 19.85,14.8 20,12C20.34,9.2 19.89,6.43 18.7,4L20.41,3M5.17,3L6.7,4C5.09,6.43 4.15,9.2 4,12C3.66,14.8 4.12,17.57 5.3,20L3.61,21C2.21,18.29 1.65,15.17 2,12C2.2,8.84 3.3,5.71 5.17,3M12.08,10.68L14.4,7.45H16.93L13.15,12.45L15.35,17.37H13.09L11.71,14L9.28,17.33H6.76L10.66,12.21L8.53,7.45H10.8L12.08,10.68Z"
                />
              </svg>
            </button>
          </div>
        </div>
      </div>
      <label
        className="MuiFormLabel-root-23"
      >
        SvgFeatureRenderer
      </label>
      <div
        className="ConfigurationEditor-subSchemaContainer-2"
      >
        <div
          className="MuiFormGroup-root-137"
        >
          <div
            className="ConfigurationEditor-slotContainer-6"
          >
            <div
              className="MuiFormControl-root-77 MuiFormControl-fullWidth-80"
              onClick={[Function]}
            >
              <label
                className="MuiFormLabel-root-92 MuiFormLabel-filled-96 MuiInputLabel-root-81 MuiInputLabel-formControl-86 MuiInputLabel-animated-89 MuiInputLabel-shrink-88"
                data-shrink={true}
              >
                color1
              </label>
              <div
                className="MuiInputBase-root-112 MuiInput-root-99 MuiInput-underline-103 MuiInputBase-fullWidth-121 MuiInput-fullWidth-106 MuiInputBase-formControl-113 MuiInput-formControl-100"
                onClick={[Function]}
                style={
                  Object {
                    "borderRightColor": "goldenrod",
                    "borderRightStyle": "solid",
                    "borderRightWidth": "25px",
                    "color": "goldenrod",
                  }
                }
              >
                <input
                  aria-invalid={false}
                  className="MuiInputBase-input-122 MuiInput-input-107"
                  disabled={false}
                  name="color"
                  onBlur={[Function]}
                  onChange={[Function]}
                  onFocus={[Function]}
                  required={false}
                  type="text"
                  value="goldenrod"
                />
              </div>
              <p
                className="MuiFormHelperText-root-129 MuiFormHelperText-filled-135"
              >
                the main color of each feature
              </p>
            </div>
            <button
              className="ConfigurationEditor-slotModeSwitch-7"
              onClick={[Function]}
              title="convert to callback"
              type="button"
            >
              <svg
                aria-hidden="true"
                className="MuiSvgIcon-root-60"
                focusable="false"
                role="presentation"
                viewBox="0 0 24 24"
              >
                <path
                  d="M20.41,3C21.8,5.71 22.35,8.84 22,12C21.8,15.16 20.7,18.29 18.83,21L17.3,20C18.91,17.57 19.85,14.8 20,12C20.34,9.2 19.89,6.43 18.7,4L20.41,3M5.17,3L6.7,4C5.09,6.43 4.15,9.2 4,12C3.66,14.8 4.12,17.57 5.3,20L3.61,21C2.21,18.29 1.65,15.17 2,12C2.2,8.84 3.3,5.71 5.17,3M12.08,10.68L14.4,7.45H16.93L13.15,12.45L15.35,17.37H13.09L11.71,14L9.28,17.33H6.76L10.66,12.21L8.53,7.45H10.8L12.08,10.68Z"
                />
              </svg>
            </button>
          </div>
          <div
            className="ConfigurationEditor-slotContainer-6"
          >
            <div
              className="MuiFormControl-root-77 MuiFormControl-fullWidth-80"
              onClick={[Function]}
            >
              <label
                className="MuiFormLabel-root-92 MuiFormLabel-filled-96 MuiInputLabel-root-81 MuiInputLabel-formControl-86 MuiInputLabel-animated-89 MuiInputLabel-shrink-88"
                data-shrink={true}
              >
                color2
              </label>
              <div
                className="MuiInputBase-root-112 MuiInput-root-99 MuiInput-underline-103 MuiInputBase-fullWidth-121 MuiInput-fullWidth-106 MuiInputBase-formControl-113 MuiInput-formControl-100"
                onClick={[Function]}
                style={
                  Object {
                    "borderRightColor": "black",
                    "borderRightStyle": "solid",
                    "borderRightWidth": "25px",
                    "color": "black",
                  }
                }
              >
                <input
                  aria-invalid={false}
                  className="MuiInputBase-input-122 MuiInput-input-107"
                  disabled={false}
                  name="color"
                  onBlur={[Function]}
                  onChange={[Function]}
                  onFocus={[Function]}
                  required={false}
                  type="text"
                  value="black"
                />
              </div>
              <p
                className="MuiFormHelperText-root-129 MuiFormHelperText-filled-135"
              >
                the secondary color of each feature, used for connecting lines, etc
              </p>
            </div>
            <button
              className="ConfigurationEditor-slotModeSwitch-7"
              onClick={[Function]}
              title="convert to callback"
              type="button"
            >
              <svg
                aria-hidden="true"
                className="MuiSvgIcon-root-60"
                focusable="false"
                role="presentation"
                viewBox="0 0 24 24"
              >
                <path
                  d="M20.41,3C21.8,5.71 22.35,8.84 22,12C21.8,15.16 20.7,18.29 18.83,21L17.3,20C18.91,17.57 19.85,14.8 20,12C20.34,9.2 19.89,6.43 18.7,4L20.41,3M5.17,3L6.7,4C5.09,6.43 4.15,9.2 4,12C3.66,14.8 4.12,17.57 5.3,20L3.61,21C2.21,18.29 1.65,15.17 2,12C2.2,8.84 3.3,5.71 5.17,3M12.08,10.68L14.4,7.45H16.93L13.15,12.45L15.35,17.37H13.09L11.71,14L9.28,17.33H6.76L10.66,12.21L8.53,7.45H10.8L12.08,10.68Z"
                />
              </svg>
            </button>
          </div>
          <div
            className="ConfigurationEditor-slotContainer-6"
          >
            <div
              className="MuiFormControl-root-77 MuiFormControl-fullWidth-80"
              onClick={[Function]}
            >
              <label
                className="MuiFormLabel-root-92 MuiFormLabel-filled-96 MuiInputLabel-root-81 MuiInputLabel-formControl-86 MuiInputLabel-animated-89 MuiInputLabel-shrink-88"
                data-shrink={true}
              >
                color3
              </label>
              <div
                className="MuiInputBase-root-112 MuiInput-root-99 MuiInput-underline-103 MuiInputBase-fullWidth-121 MuiInput-fullWidth-106 MuiInputBase-formControl-113 MuiInput-formControl-100"
                onClick={[Function]}
                style={
                  Object {
                    "borderRightColor": "#357089",
                    "borderRightStyle": "solid",
                    "borderRightWidth": "25px",
                    "color": "#357089",
                  }
                }
              >
                <input
                  aria-invalid={false}
                  className="MuiInputBase-input-122 MuiInput-input-107"
                  disabled={false}
                  name="color"
                  onBlur={[Function]}
                  onChange={[Function]}
                  onFocus={[Function]}
                  required={false}
                  type="text"
                  value="#357089"
                />
              </div>
              <p
                className="MuiFormHelperText-root-129 MuiFormHelperText-filled-135"
              >
                the tertiary color of each feature, often used for contrasting fills, like on UTRs
              </p>
            </div>
            <button
              className="ConfigurationEditor-slotModeSwitch-7"
              onClick={[Function]}
              title="convert to callback"
              type="button"
            >
              <svg
                aria-hidden="true"
                className="MuiSvgIcon-root-60"
                focusable="false"
                role="presentation"
                viewBox="0 0 24 24"
              >
                <path
                  d="M20.41,3C21.8,5.71 22.35,8.84 22,12C21.8,15.16 20.7,18.29 18.83,21L17.3,20C18.91,17.57 19.85,14.8 20,12C20.34,9.2 19.89,6.43 18.7,4L20.41,3M5.17,3L6.7,4C5.09,6.43 4.15,9.2 4,12C3.66,14.8 4.12,17.57 5.3,20L3.61,21C2.21,18.29 1.65,15.17 2,12C2.2,8.84 3.3,5.71 5.17,3M12.08,10.68L14.4,7.45H16.93L13.15,12.45L15.35,17.37H13.09L11.71,14L9.28,17.33H6.76L10.66,12.21L8.53,7.45H10.8L12.08,10.68Z"
                />
              </svg>
            </button>
          </div>
          <div
            className="ConfigurationEditor-slotContainer-6"
          >
            <div
              className="MuiFormControl-root-8"
            >
              <label
                className="MuiFormLabel-root-23 MuiFormLabel-filled-27 MuiInputLabel-root-12 MuiInputLabel-formControl-17 MuiInputLabel-animated-20 MuiInputLabel-shrink-19"
                data-shrink={true}
              >
                height
              </label>
              <div
                className="MuiInputBase-root-43 MuiInput-root-30 MuiInput-underline-34 MuiInputBase-formControl-44 MuiInput-formControl-31"
                onClick={[Function]}
              >
                <input
                  aria-invalid={false}
                  className="MuiInputBase-input-53 MuiInput-input-38 MuiInputBase-inputType-56 MuiInput-inputType-41"
                  disabled={false}
                  onBlur={[Function]}
                  onChange={[Function]}
                  onFocus={[Function]}
                  required={false}
                  type="number"
                  value={10}
                />
              </div>
              <p
                className="MuiFormHelperText-root-69 MuiFormHelperText-filled-75"
              >
                height in pixels of the main body of each feature
              </p>
            </div>
            <button
              className="ConfigurationEditor-slotModeSwitch-7"
              onClick={[Function]}
              title="convert to callback"
              type="button"
            >
              <svg
                aria-hidden="true"
                className="MuiSvgIcon-root-60"
                focusable="false"
                role="presentation"
                viewBox="0 0 24 24"
              >
                <path
                  d="M20.41,3C21.8,5.71 22.35,8.84 22,12C21.8,15.16 20.7,18.29 18.83,21L17.3,20C18.91,17.57 19.85,14.8 20,12C20.34,9.2 19.89,6.43 18.7,4L20.41,3M5.17,3L6.7,4C5.09,6.43 4.15,9.2 4,12C3.66,14.8 4.12,17.57 5.3,20L3.61,21C2.21,18.29 1.65,15.17 2,12C2.2,8.84 3.3,5.71 5.17,3M12.08,10.68L14.4,7.45H16.93L13.15,12.45L15.35,17.37H13.09L11.71,14L9.28,17.33H6.76L10.66,12.21L8.53,7.45H10.8L12.08,10.68Z"
                />
              </svg>
            </button>
          </div>
        </div>
      </div>
    </div>
  </div>
</div>
`;

exports[`ConfigurationEditor drawer widget renders with just the required model elements 1`] = `
<div
  className="ConfigurationEditor-root-1"
>
  <div
    className="ConfigurationEditor-slotContainer-6"
  >
    <div
      className="MuiFormControl-root-8 MuiFormControl-fullWidth-11"
    >
      <label
        className="MuiFormLabel-root-23 MuiFormLabel-filled-27 MuiInputLabel-root-12 MuiInputLabel-formControl-17 MuiInputLabel-animated-20 MuiInputLabel-shrink-19"
        data-shrink={true}
      >
        foo
      </label>
      <div
        className="MuiInputBase-root-43 MuiInput-root-30 MuiInput-underline-34 MuiInputBase-fullWidth-52 MuiInput-fullWidth-37 MuiInputBase-formControl-44 MuiInput-formControl-31"
        onClick={[Function]}
      >
        <input
          aria-invalid={false}
          className="MuiInputBase-input-53 MuiInput-input-38"
          disabled={false}
          onBlur={[Function]}
          onChange={[Function]}
          onFocus={[Function]}
          required={false}
          type="text"
          value="bar"
        />
      </div>
      
    </div>
    <button
      className="ConfigurationEditor-slotModeSwitch-7"
      onClick={[Function]}
      title="convert to callback"
      type="button"
    >
      <svg
        aria-hidden="true"
        className="MuiSvgIcon-root-60"
        focusable="false"
        role="presentation"
        viewBox="0 0 24 24"
      >
        <path
          d="M20.41,3C21.8,5.71 22.35,8.84 22,12C21.8,15.16 20.7,18.29 18.83,21L17.3,20C18.91,17.57 19.85,14.8 20,12C20.34,9.2 19.89,6.43 18.7,4L20.41,3M5.17,3L6.7,4C5.09,6.43 4.15,9.2 4,12C3.66,14.8 4.12,17.57 5.3,20L3.61,21C2.21,18.29 1.65,15.17 2,12C2.2,8.84 3.3,5.71 5.17,3M12.08,10.68L14.4,7.45H16.93L13.15,12.45L15.35,17.37H13.09L11.71,14L9.28,17.33H6.76L10.66,12.21L8.53,7.45H10.8L12.08,10.68Z"
        />
      </svg>
    </button>
  </div>
</div>
`;
