// Jest Snapshot v1, https://goo.gl/fbAQLP

exports[`AsssemblyManager GUI renders 1`] = `
<div
  aria-hidden="true"
/>
`;
