// Jest Snapshot v1, https://goo.gl/fbAQLP

exports[`adapter can fetch features from volvox-sorted.cram 1`] = `
Array [
  Object {
    "clipPos": 0,
    "cramFlags": undefined,
    "duplicate": false,
    "end": 5540,
    "flags": "0x10",
    "id": 1619,
    "is_paired": false,
    "mapping_quality": 37,
    "multi_segment_all_aligned": false,
    "multi_segment_all_correctly_aligned": false,
    "multi_segment_first": false,
    "multi_segment_last": false,
    "multi_segment_next_segment_reversed": false,
    "multi_segment_next_segment_unmapped": false,
    "multi_segment_template": false,
    "name": "ctgA_5060_5540_1:0:0_3:1:0_15a3",
    "next_pos": undefined,
    "next_segment_position": undefined,
    "next_seq_id": undefined,
    "pair_orientation": null,
    "qc_failed": false,
    "qual": "50 50 50 50 50 50 50 50 50 50 50 50 50 50 50 50 50 50 50 50 50 50 50 50 50 50 50 50 50 50 50 50 50 50 50 50 50 50 50 50 50 50 50 50 50 50 50 50 50 50 50 50 50 50 50 50 50 50 50 50 50 50 50 50 50 50 50 50 50 50 50 50 50 50 50 50 50 50 50 50 50 50 50 50 50 50 50 50 50 50 50 50 50 50 50 50 50 50 50 50",
    "read_group_id": -1,
    "refName": "ctgA",
    "refname": "ctgA",
    "score": 37,
    "secondary_alignment": false,
    "seq": "ATACACTGGTTCGGAGACGGTTGATGACGAGCGCGCTATATGTCGGCATCTGCGCGCCATGAGCGGCCGCTATCCGGCGGCACGCATAATATAGTGCAAG",
    "seq_id": "ctgA",
    "start": 5440,
    "strand": -1,
    "supplementary_alignment": false,
    "tags": Object {
      "X0": 1,
      "X1": 0,
      "XG": 0,
      "XM": 4,
      "XO": 0,
      "XT": "U",
    },
    "template_length": 0,
    "type": "match",
    "uniqueId": 1619,
    "unmapped": false,
  },
  Object {
    "clipPos": 0,
    "cramFlags": undefined,
    "duplicate": false,
    "end": 5541,
    "flags": "0x10",
    "id": 1620,
    "is_paired": false,
    "mapping_quality": 37,
    "multi_segment_all_aligned": false,
    "multi_segment_all_correctly_aligned": false,
    "multi_segment_first": false,
    "multi_segment_last": false,
    "multi_segment_next_segment_reversed": false,
    "multi_segment_next_segment_unmapped": false,
    "multi_segment_template": false,
    "name": "ctgA_4973_5541_1:0:0_1:0:0_1569",
    "next_pos": undefined,
    "next_segment_position": undefined,
    "next_seq_id": undefined,
    "pair_orientation": null,
    "qc_failed": false,
    "qual": "50 50 50 50 50 50 50 50 50 50 50 50 50 50 50 50 50 50 50 50 50 50 50 50 50 50 50 50 50 50 50 50 50 50 50 50 50 50 50 50 50 50 50 50 50 50 50 50 50 50 50 50 50 50 50 50 50 50 50 50 50 50 50 50 50 50 50 50 50 50 50 50 50 50 50 50 50 50 50 50 50 50 50 50 50 50 50 50 50 50 50 50 50 50 50 50 50 50 50 50",
    "read_group_id": -1,
    "refName": "ctgA",
    "refname": "ctgA",
    "score": 37,
    "secondary_alignment": false,
    "seq": "TACACTGGTTCGGAGACGGTTCATGACGAGCGCGCTATATGTCGGCATCTGCGCCCCATGAGCGGCGGCTGTCCGGCGGCACGAATAATATAGTGCAAGA",
    "seq_id": "ctgA",
    "start": 5441,
    "strand": -1,
    "supplementary_alignment": false,
    "tags": Object {
      "X0": 1,
      "X1": 0,
      "XG": 0,
      "XM": 1,
      "XO": 0,
      "XT": "U",
    },
    "template_length": 0,
    "type": "match",
    "uniqueId": 1620,
    "unmapped": false,
  },
  Object {
    "clipPos": 0,
    "cramFlags": undefined,
    "duplicate": false,
    "end": 5544,
    "flags": "0x0",
    "id": 1621,
    "is_paired": false,
    "mapping_quality": 37,
    "multi_segment_all_aligned": false,
    "multi_segment_all_correctly_aligned": false,
    "multi_segment_first": false,
    "multi_segment_last": false,
    "multi_segment_next_segment_reversed": false,
    "multi_segment_next_segment_unmapped": false,
    "multi_segment_template": false,
    "name": "ctgA_5445_5947_3:1:0_2:0:0_2b9",
    "next_pos": undefined,
    "next_segment_position": undefined,
    "next_seq_id": undefined,
    "pair_orientation": null,
    "qc_failed": false,
    "qual": "50 50 50 50 50 50 50 50 50 50 50 50 50 50 50 50 50 50 50 50 50 50 50 50 50 50 50 50 50 50 50 50 50 50 50 50 50 50 50 50 50 50 50 50 50 50 50 50 50 50 50 50 50 50 50 50 50 50 50 50 50 50 50 50 50 50 50 50 50 50 50 50 50 50 50 50 50 50 50 50 50 50 50 50 50 50 50 50 50 50 50 50 50 50 50 50 50 50 50 50",
    "read_group_id": -1,
    "refName": "ctgA",
    "refname": "ctgA",
    "score": 37,
    "secondary_alignment": false,
    "seq": "ACTGGTTCGGAGACGGTTCATGACGGGCGCGCTATATGTCGGCATCTGCTCGCCATGAGCGGCCGCTGTCCGGCGGTACGAATAATATAGTGCAAGAAAA",
    "seq_id": "ctgA",
    "start": 5444,
    "strand": 1,
    "supplementary_alignment": false,
    "tags": Object {
      "X0": 1,
      "X1": 0,
      "XG": 0,
      "XM": 4,
      "XO": 0,
      "XT": "U",
    },
    "template_length": 0,
    "type": "match",
    "uniqueId": 1621,
    "unmapped": false,
  },
  Object {
    "clipPos": 0,
    "cramFlags": undefined,
    "duplicate": false,
    "end": 5553,
    "flags": "0x0",
    "id": 1622,
    "is_paired": false,
    "mapping_quality": 37,
    "multi_segment_all_aligned": false,
    "multi_segment_all_correctly_aligned": false,
    "multi_segment_first": false,
    "multi_segment_last": false,
    "multi_segment_next_segment_reversed": false,
    "multi_segment_next_segment_unmapped": false,
    "multi_segment_template": false,
    "name": "ctgA_5454_5906_0:1:0_2:0:0_d8a",
    "next_pos": undefined,
    "next_segment_position": undefined,
    "next_seq_id": undefined,
    "pair_orientation": null,
    "qc_failed": false,
    "qual": "50 50 50 50 50 50 50 50 50 50 50 50 50 50 50 50 50 50 50 50 50 50 50 50 50 50 50 50 50 50 50 50 50 50 50 50 50 50 50 50 50 50 50 50 50 50 50 50 50 50 50 50 50 50 50 50 50 50 50 50 50 50 50 50 50 50 50 50 50 50 50 50 50 50 50 50 50 50 50 50 50 50 50 50 50 50 50 50 50 50 50 50 50 50 50 50 50 50 50 50",
    "read_group_id": -1,
    "refName": "ctgA",
    "refname": "ctgA",
    "score": 37,
    "secondary_alignment": false,
    "seq": "GAGACGGTTCATGACGAGCGCGCTATATGTCGGCATCTGCGCGCCATGAGCGGCCGCTGTCCGGCGGCACGAATAATATAGTGCAAGAAAAACCGAAGAC",
    "seq_id": "ctgA",
    "start": 5453,
    "strand": 1,
    "supplementary_alignment": false,
    "tags": Object {
      "X0": 1,
      "X1": 0,
      "XG": 0,
      "XM": 1,
      "XO": 0,
      "XT": "U",
    },
    "template_length": 0,
    "type": "match",
    "uniqueId": 1622,
    "unmapped": false,
  },
  Object {
    "clipPos": 0,
    "cramFlags": undefined,
    "duplicate": false,
    "end": 5554,
    "flags": "0x0",
    "id": 1623,
    "is_paired": false,
    "mapping_quality": 37,
    "multi_segment_all_aligned": false,
    "multi_segment_all_correctly_aligned": false,
    "multi_segment_first": false,
    "multi_segment_last": false,
    "multi_segment_next_segment_reversed": false,
    "multi_segment_next_segment_unmapped": false,
    "multi_segment_template": false,
    "name": "ctgA_5455_5964_2:0:0_2:0:0_23e2",
    "next_pos": undefined,
    "next_segment_position": undefined,
    "next_seq_id": undefined,
    "pair_orientation": null,
    "qc_failed": false,
    "qual": "50 50 50 50 50 50 50 50 50 50 50 50 50 50 50 50 50 50 50 50 50 50 50 50 50 50 50 50 50 50 50 50 50 50 50 50 50 50 50 50 50 50 50 50 50 50 50 50 50 50 50 50 50 50 50 50 50 50 50 50 50 50 50 50 50 50 50 50 50 50 50 50 50 50 50 50 50 50 50 50 50 50 50 50 50 50 50 50 50 50 50 50 50 50 50 50 50 50 50 50",
    "read_group_id": -1,
    "refName": "ctgA",
    "refname": "ctgA",
    "score": 37,
    "secondary_alignment": false,
    "seq": "AGACGGTTCATGACGAGCGCGCTATATGTCGGCATCTGCGCCCCATGAGGGGCCGCTGTCCAGCGGCACGAATAATATAGTGCAAGAAAAACCGAAGACT",
    "seq_id": "ctgA",
    "start": 5454,
    "strand": 1,
    "supplementary_alignment": false,
    "tags": Object {
      "X0": 1,
      "X1": 0,
      "XG": 0,
      "XM": 2,
      "XO": 0,
      "XT": "U",
    },
    "template_length": 0,
    "type": "match",
    "uniqueId": 1623,
    "unmapped": false,
  },
  Object {
    "clipPos": 0,
    "cramFlags": undefined,
    "duplicate": false,
    "end": 5559,
    "flags": "0x10",
    "id": 1624,
    "is_paired": false,
    "mapping_quality": 37,
    "multi_segment_all_aligned": false,
    "multi_segment_all_correctly_aligned": false,
    "multi_segment_first": false,
    "multi_segment_last": false,
    "multi_segment_next_segment_reversed": false,
    "multi_segment_next_segment_unmapped": false,
    "multi_segment_template": false,
    "name": "ctgA_5153_5559_3:0:0_1:1:0_11ac",
    "next_pos": undefined,
    "next_segment_position": undefined,
    "next_seq_id": undefined,
    "pair_orientation": null,
    "qc_failed": false,
    "qual": "50 50 50 50 50 50 50 50 50 50 50 50 50 50 50 50 50 50 50 50 50 50 50 50 50 50 50 50 50 50 50 50 50 50 50 50 50 50 50 50 50 50 50 50 50 50 50 50 50 50 50 50 50 50 50 50 50 50 50 50 50 50 50 50 50 50 50 50 50 50 50 50 50 50 50 50 50 50 50 50 50 50 50 50 50 50 50 50 50 50 50 50 50 50 50 50 50 50 50 50",
    "read_group_id": -1,
    "refName": "ctgA",
    "refname": "ctgA",
    "score": 37,
    "secondary_alignment": false,
    "seq": "GTTCATGACGAGCGCGCTATATATCGGCATCTGCGCGCCATGAGCGGCCGCTGTCCGGCGGCACGAATAATATAGTGCAAGAAAAACCGAAGACTACGGT",
    "seq_id": "ctgA",
    "start": 5459,
    "strand": -1,
    "supplementary_alignment": false,
    "tags": Object {
      "X0": 1,
      "X1": 0,
      "XG": 0,
      "XM": 2,
      "XO": 0,
      "XT": "U",
    },
    "template_length": 0,
    "type": "match",
    "uniqueId": 1624,
    "unmapped": false,
  },
  Object {
    "clipPos": 0,
    "cramFlags": undefined,
    "duplicate": false,
    "end": 5560,
    "flags": "0x0",
    "id": 1625,
    "is_paired": false,
    "mapping_quality": 37,
    "multi_segment_all_aligned": false,
    "multi_segment_all_correctly_aligned": false,
    "multi_segment_first": false,
    "multi_segment_last": false,
    "multi_segment_next_segment_reversed": false,
    "multi_segment_next_segment_unmapped": false,
    "multi_segment_template": false,
    "name": "ctgA_5461_5986_1:1:0_3:0:0_200e",
    "next_pos": undefined,
    "next_segment_position": undefined,
    "next_seq_id": undefined,
    "pair_orientation": null,
    "qc_failed": false,
    "qual": "50 50 50 50 50 50 50 50 50 50 50 50 50 50 50 50 50 50 50 50 50 50 50 50 50 50 50 50 50 50 50 50 50 50 50 50 50 50 50 50 50 50 50 50 50 50 50 50 50 50 50 50 50 50 50 50 50 50 50 50 50 50 50 50 50 50 50 50 50 50 50 50 50 50 50 50 50 50 50 50 50 50 50 50 50 50 50 50 50 50 50 50 50 50 50 50 50 50 50 50",
    "read_group_id": -1,
    "refName": "ctgA",
    "refname": "ctgA",
    "score": 37,
    "secondary_alignment": false,
    "seq": "TTCATGACGAGCGCGCTATATGTCGGCATCTGCGCGCCACGAGCGGCCGCTGTCCGGCGGCACGAATAATATAGTGCAAGAAAAACCGAAGACTACGGTT",
    "seq_id": "ctgA",
    "start": 5460,
    "strand": 1,
    "supplementary_alignment": false,
    "tags": Object {
      "X0": 1,
      "X1": 0,
      "XG": 0,
      "XM": 2,
      "XO": 0,
      "XT": "U",
    },
    "template_length": 0,
    "type": "match",
    "uniqueId": 1625,
    "unmapped": false,
  },
  Object {
    "clipPos": 0,
    "cramFlags": undefined,
    "duplicate": false,
    "end": 5568,
    "flags": "0x0",
    "id": 1626,
    "is_paired": false,
    "mapping_quality": 37,
    "multi_segment_all_aligned": false,
    "multi_segment_all_correctly_aligned": false,
    "multi_segment_first": false,
    "multi_segment_last": false,
    "multi_segment_next_segment_reversed": false,
    "multi_segment_next_segment_unmapped": false,
    "multi_segment_template": false,
    "name": "ctgA_5469_5932_0:0:0_2:0:0_6f8",
    "next_pos": undefined,
    "next_segment_position": undefined,
    "next_seq_id": undefined,
    "pair_orientation": null,
    "qc_failed": false,
    "qual": "50 50 50 50 50 50 50 50 50 50 50 50 50 50 50 50 50 50 50 50 50 50 50 50 50 50 50 50 50 50 50 50 50 50 50 50 50 50 50 50 50 50 50 50 50 50 50 50 50 50 50 50 50 50 50 50 50 50 50 50 50 50 50 50 50 50 50 50 50 50 50 50 50 50 50 50 50 50 50 50 50 50 50 50 50 50 50 50 50 50 50 50 50 50 50 50 50 50 50 50",
    "read_group_id": -1,
    "refName": "ctgA",
    "refname": "ctgA",
    "score": 37,
    "secondary_alignment": false,
    "seq": "GAGCGCGCTATATGTCGGCATCTGCGCCCCATGAGCGGCCGCTGTCCGGCGGCACGAATAATATAGTGCAAGAAAAACCGAAGACTACGGTTATATATGA",
    "seq_id": "ctgA",
    "start": 5468,
    "strand": 1,
    "supplementary_alignment": false,
    "tags": Object {
      "X0": 1,
      "X1": 0,
      "XG": 0,
      "XM": 0,
      "XO": 0,
      "XT": "U",
    },
    "template_length": 0,
    "type": "match",
    "uniqueId": 1626,
    "unmapped": false,
  },
  Object {
    "clipPos": 0,
    "cramFlags": undefined,
    "duplicate": false,
    "end": 5594,
    "flags": "0x10",
    "id": 1627,
    "is_paired": false,
    "mapping_quality": 37,
    "multi_segment_all_aligned": false,
    "multi_segment_all_correctly_aligned": false,
    "multi_segment_first": false,
    "multi_segment_last": false,
    "multi_segment_next_segment_reversed": false,
    "multi_segment_next_segment_unmapped": false,
    "multi_segment_template": false,
    "name": "ctgA_5079_5594_1:0:0_2:0:0_d64",
    "next_pos": undefined,
    "next_segment_position": undefined,
    "next_seq_id": undefined,
    "pair_orientation": null,
    "qc_failed": false,
    "qual": "50 50 50 50 50 50 50 50 50 50 50 50 50 50 50 50 50 50 50 50 50 50 50 50 50 50 50 50 50 50 50 50 50 50 50 50 50 50 50 50 50 50 50 50 50 50 50 50 50 50 50 50 50 50 50 50 50 50 50 50 50 50 50 50 50 50 50 50 50 50 50 50 50 50 50 50 50 50 50 50 50 50 50 50 50 50 50 50 50 50 50 50 50 50 50 50 50 50 50 50",
    "read_group_id": -1,
    "refName": "ctgA",
    "refname": "ctgA",
    "score": 37,
    "secondary_alignment": false,
    "seq": "CCCCATGAGCGGCCGCTGTCCGGCGGCACGAATAATATAGTGCAAGAAAAACTGAAGACTACGGTTATATATGATGGAACGGCCCTCACAGCATTCAAAC",
    "seq_id": "ctgA",
    "start": 5494,
    "strand": -1,
    "supplementary_alignment": false,
    "tags": Object {
      "X0": 1,
      "X1": 0,
      "XG": 0,
      "XM": 2,
      "XO": 0,
      "XT": "U",
    },
    "template_length": 0,
    "type": "match",
    "uniqueId": 1627,
    "unmapped": false,
  },
  Object {
    "clipPos": 0,
    "cramFlags": undefined,
    "duplicate": false,
    "end": 5596,
    "flags": "0x0",
    "id": 1628,
    "is_paired": false,
    "mapping_quality": 37,
    "multi_segment_all_aligned": false,
    "multi_segment_all_correctly_aligned": false,
    "multi_segment_first": false,
    "multi_segment_last": false,
    "multi_segment_next_segment_reversed": false,
    "multi_segment_next_segment_unmapped": false,
    "multi_segment_template": false,
    "name": "ctgA_5497_6082_1:0:0_2:0:0_b2",
    "next_pos": undefined,
    "next_segment_position": undefined,
    "next_seq_id": undefined,
    "pair_orientation": null,
    "qc_failed": false,
    "qual": "50 50 50 50 50 50 50 50 50 50 50 50 50 50 50 50 50 50 50 50 50 50 50 50 50 50 50 50 50 50 50 50 50 50 50 50 50 50 50 50 50 50 50 50 50 50 50 50 50 50 50 50 50 50 50 50 50 50 50 50 50 50 50 50 50 50 50 50 50 50 50 50 50 50 50 50 50 50 50 50 50 50 50 50 50 50 50 50 50 50 50 50 50 50 50 50 50 50 50 50",
    "read_group_id": -1,
    "refName": "ctgA",
    "refname": "ctgA",
    "score": 37,
    "secondary_alignment": false,
    "seq": "CCATGAGCGGCCGCTGTCCGGCGGCACGAATAATATAGTGCAAGAAAAACCGAAGACTACGGTTATATATGATGGAACGGCCCTCACAGCATCCTAACAG",
    "seq_id": "ctgA",
    "start": 5496,
    "strand": 1,
    "supplementary_alignment": false,
    "tags": Object {
      "X0": 1,
      "X1": 0,
      "XG": 0,
      "XM": 1,
      "XO": 0,
      "XT": "U",
    },
    "template_length": 0,
    "type": "match",
    "uniqueId": 1628,
    "unmapped": false,
  },
]
`;
