// Jest Snapshot v1, https://goo.gl/fbAQLP

exports[`renders 1`] = `
<div>
  <div
    class="css-3o7gsw-root"
  >
    <div
      class="MuiStepper-root MuiStepper-vertical css-nzjsqw-MuiStepper-root-stepper"
    >
      <div
        class="MuiStep-root MuiStep-vertical css-enonti-MuiStep-root"
      >
        <span
          class="MuiStepLabel-root MuiStepLabel-vertical css-122jq7f-MuiStepLabel-root"
        >
          <span
            class="MuiStepLabel-iconContainer Mui-active css-1b2ju2j-MuiStepLabel-iconContainer"
          >
            <svg
              aria-hidden="true"
              class="MuiSvgIcon-root MuiSvgIcon-fontSizeMedium MuiStepIcon-root Mui-active css-1jm3coa-MuiSvgIcon-root-MuiStepIcon-root"
              focusable="false"
              viewBox="0 0 24 24"
            >
              <circle
                cx="12"
                cy="12"
                r="12"
              />
              <text
                class="MuiStepIcon-text css-1i1npeq-MuiStepIcon-text"
                dominant-baseline="central"
                text-anchor="middle"
                x="12"
                y="12"
              >
                1
              </text>
            </svg>
          </span>
          <span
            class="MuiStepLabel-labelContainer css-p8xe3-MuiStepLabel-labelContainer"
          >
            <span
              class="MuiStepLabel-label Mui-active css-vxmcgq-MuiStepLabel-label"
            >
              Select a Connection Type
            </span>
          </span>
        </span>
        <div
          class="MuiStepContent-root css-69uykz-MuiStepContent-root"
        >
          <div
            class="MuiCollapse-root MuiCollapse-vertical MuiStepContent-transition MuiCollapse-entered css-scib18-MuiCollapse-root-MuiStepContent-transition"
            style="min-height: 0px;"
          >
            <div
              class="MuiCollapse-wrapper MuiCollapse-vertical css-1x6hinx-MuiCollapse-wrapper"
            >
              <div
                class="MuiCollapse-wrapperInner MuiCollapse-vertical css-1i4ywhz-MuiCollapse-wrapperInner"
              >
                <form
                  autocomplete="off"
                >
                  <div
                    class="MuiFormControl-root MuiFormControl-fullWidth MuiTextField-root css-cmpglg-MuiFormControl-root-MuiTextField-root"
                  >
                    <label
                      class="MuiFormLabel-root MuiInputLabel-root MuiInputLabel-formControl MuiInputLabel-animated MuiInputLabel-shrink MuiInputLabel-sizeMedium MuiInputLabel-outlined MuiFormLabel-colorPrimary MuiFormLabel-filled MuiInputLabel-root MuiInputLabel-formControl MuiInputLabel-animated MuiInputLabel-shrink MuiInputLabel-sizeMedium MuiInputLabel-outlined css-cgj0jf-MuiFormLabel-root-MuiInputLabel-root"
                      data-shrink="true"
                      for=":r0:"
                      id=":r0:-label"
                    >
                      connectionType
                    </label>
                    <div
                      class="MuiInputBase-root MuiOutlinedInput-root MuiInputBase-colorPrimary MuiInputBase-fullWidth MuiInputBase-formControl css-b32mwt-MuiInputBase-root-MuiOutlinedInput-root"
                    >
                      <div
                        aria-controls=":r1:"
                        aria-describedby=":r0:-helper-text"
                        aria-expanded="false"
                        aria-haspopup="listbox"
                        aria-labelledby=":r0:-label :r0:"
                        class="MuiSelect-select MuiSelect-outlined MuiInputBase-input MuiOutlinedInput-input css-w76bbz-MuiSelect-select-MuiInputBase-input-MuiOutlinedInput-input"
                        id=":r0:"
                        role="combobox"
                        tabindex="0"
                      >
                        UCSC Track Hub
                      </div>
                      <input
                        aria-hidden="true"
                        aria-invalid="false"
                        class="MuiSelect-nativeInput css-j0riat-MuiSelect-nativeInput"
                        tabindex="-1"
                        value="UCSCTrackHubConnection"
                      />
                      <svg
                        aria-hidden="true"
                        class="MuiSvgIcon-root MuiSvgIcon-fontSizeMedium MuiSelect-icon MuiSelect-iconOutlined css-e00l0k-MuiSvgIcon-root-MuiSelect-icon"
                        data-testid="ArrowDropDownIcon"
                        focusable="false"
                        viewBox="0 0 24 24"
                      >
                        <path
                          d="M7 10l5 5 5-5z"
                        />
                      </svg>
                      <fieldset
                        aria-hidden="true"
                        class="MuiOutlinedInput-notchedOutline css-1ll44ll-MuiOutlinedInput-notchedOutline"
                      >
                        <legend
                          class="css-w1u3ce"
                        >
                          <span>
                            connectionType
                          </span>
                        </legend>
                      </fieldset>
                    </div>
                    <p
                      class="MuiFormHelperText-root MuiFormHelperText-sizeMedium MuiFormHelperText-contained MuiFormHelperText-filled css-nxe85d-MuiFormHelperText-root"
                      id=":r0:-helper-text"
                    >
                      A track or assembly hub in the Track Hub format
                      <a
                        class="MuiButtonBase-root MuiIconButton-root MuiIconButton-sizeMedium css-1dmujzy-MuiButtonBase-root-MuiIconButton-root"
                        href="//genome.ucsc.edu/goldenPath/help/hgTrackHubHelp.html#Intro"
                        rel="noopener noreferrer"
                        tabindex="0"
                        target="_blank"
                      >
                        <svg
                          aria-hidden="true"
                          class="MuiSvgIcon-root MuiSvgIcon-fontSizeMedium css-14500qs-MuiSvgIcon-root"
                          data-testid="OpenInNewIcon"
                          focusable="false"
                          viewBox="0 0 24 24"
                        >
                          <path
                            d="M19 19H5V5h7V3H5c-1.11 0-2 .9-2 2v14c0 1.1.89 2 2 2h14c1.1 0 2-.9 2-2v-7h-2zM14 3v2h3.59l-9.83 9.83 1.41 1.41L19 6.41V10h2V3z"
                          />
                        </svg>
                      </a>
                    </p>
                  </div>
                </form>
                <div
                  class="css-14dqgmq-actionsContainer"
                >
                  <button
                    class="MuiButtonBase-root MuiButton-root MuiButton-text MuiButton-textPrimary MuiButton-sizeMedium MuiButton-textSizeMedium MuiButton-colorPrimary Mui-disabled MuiButton-root MuiButton-text MuiButton-textPrimary MuiButton-sizeMedium MuiButton-textSizeMedium MuiButton-colorPrimary css-6g0gn4-MuiButtonBase-root-MuiButton-root-button"
                    disabled=""
                    tabindex="-1"
                    type="button"
                  >
                    Back
                  </button>
                  <button
                    class="MuiButtonBase-root MuiButton-root MuiButton-contained MuiButton-containedPrimary MuiButton-sizeMedium MuiButton-containedSizeMedium MuiButton-colorPrimary MuiButton-root MuiButton-contained MuiButton-containedPrimary MuiButton-sizeMedium MuiButton-containedSizeMedium MuiButton-colorPrimary css-14hk3uo-MuiButtonBase-root-MuiButton-root-button"
                    data-testid="addConnectionNext"
                    tabindex="0"
                    type="button"
                  >
                    Next
                  </button>
                </div>
              </div>
            </div>
          </div>
        </div>
      </div>
      <div
        class="MuiStepConnector-root MuiStepConnector-vertical Mui-disabled css-1afu6qk-MuiStepConnector-root"
      >
        <span
          class="MuiStepConnector-line MuiStepConnector-lineVertical css-1deaddp-MuiStepConnector-line"
        />
      </div>
      <div
        class="MuiStep-root MuiStep-vertical css-enonti-MuiStep-root"
      >
        <span
          class="MuiStepLabel-root MuiStepLabel-vertical Mui-disabled css-122jq7f-MuiStepLabel-root"
        >
          <span
            class="MuiStepLabel-iconContainer Mui-disabled css-1b2ju2j-MuiStepLabel-iconContainer"
          >
            <svg
              aria-hidden="true"
              class="MuiSvgIcon-root MuiSvgIcon-fontSizeMedium MuiStepIcon-root css-1jm3coa-MuiSvgIcon-root-MuiStepIcon-root"
              focusable="false"
              viewBox="0 0 24 24"
            >
              <circle
                cx="12"
                cy="12"
                r="12"
              />
              <text
                class="MuiStepIcon-text css-1i1npeq-MuiStepIcon-text"
                dominant-baseline="central"
                text-anchor="middle"
                x="12"
                y="12"
              >
                2
              </text>
            </svg>
          </span>
          <span
            class="MuiStepLabel-labelContainer css-p8xe3-MuiStepLabel-labelContainer"
          >
            <span
              class="MuiStepLabel-label Mui-disabled css-vxmcgq-MuiStepLabel-label"
            >
              Configure Connection
            </span>
          </span>
        </span>
        <div
          class="MuiStepContent-root MuiStepContent-last css-1r4r9eo-MuiStepContent-root"
        />
      </div>
    </div>
  </div>
</div>
`;
