// Jest Snapshot v1, https://goo.gl/fbAQLP

exports[`<AboutWidget /> renders 1`] = `
<div>
  <div
    class="css-1a8qml5-root"
  >
    <h4
      class="MuiTypography-root MuiTypography-h4 MuiTypography-alignCenter css-1ya2hdm-MuiTypography-root"
      style="--Typography-textAlign: center;"
    >
      JBrowse 2
    </h4>
    <h6
      class="MuiTypography-root MuiTypography-h6 MuiTypography-alignCenter css-6je6nr-MuiTypography-root-subtitle"
      style="--Typography-textAlign: center;"
    />
    <p
      class="MuiTypography-root MuiTypography-body1 MuiTypography-alignCenter css-1j3qii7-MuiTypography-root"
      style="--Typography-textAlign: center;"
    >
      JBrowse is a
       
      <a
        class="MuiTypography-root MuiTypography-inherit MuiLink-root MuiLink-underlineAlways css-1orsvah-MuiTypography-root-MuiLink-root"
        href="http://gmod.org/"
        rel="noopener noreferrer"
        target="_blank"
      >
        GMOD
      </a>
       
      project
    </p>
    <br />
    <p
      class="MuiTypography-root MuiTypography-body1 MuiTypography-alignCenter css-1j3qii7-MuiTypography-root"
      style="--Typography-textAlign: center;"
    >
      Â© 2019-2022 The Evolutionary Software Foundation
    </p>
    <div
      class="css-la8yjp-pluginList"
    >
      <p
        class="MuiTypography-root MuiTypography-body1 css-rizt0-MuiTypography-root"
      >
        External plugins loaded
      </p>
      <ul>
        <li>
          <a
            class="MuiTypography-root MuiTypography-inherit MuiLink-root MuiLink-underlineAlways css-1orsvah-MuiTypography-root-MuiLink-root"
            href="http://google.com"
            rel="noopener noreferrer"
            target="_blank"
          >
            HelloPlugin 1.0.0
          </a>
        </li>
      </ul>
      <p
        class="MuiTypography-root MuiTypography-body1 css-rizt0-MuiTypography-root"
      >
        Core plugins loaded
      </p>
      <ul />
    </div>
  </div>
</div>
`;
