// Jest Snapshot v1, https://goo.gl/fbAQLP

exports[`adapter can fetch features from volvox.2bit 1`] = `
Array [
  Object {
    "end": 20000,
    "refName": "ctgA",
    "seq": "cattgttgcggagttgaacaACGGCATTAGGAACACTTCCGTCTCtcacttttatacgattatgattggttctttagccttggtttagattggtagtagtagcggcgctaatgctacctgaattgagaactcgagcgggggctaggcaaattctgattcagcctgacttctcttggaaccctgcccataaatcaaagggttagtgcggccaaaacgttggacaacggtattagaagaccaacctgaccaccaaaccgtcaattaaccggtatcttctcggaaacggcggttctctcctagatagcgatctgtggtctcaccatgcaatttaaacaggtgagtaaagattgctacaaatacgagactagctgtcaccagatgctgttcatctgttggctccttggtcgctccgttgtacccaggctactttgaaagagcgcagaatacttagacggtatcgatcatggtagcatagcattctgataacatgtatggagttcgaacatccgtctggggccggacggtccgtttgaggttggttgatctgggtgatagtcagcaagatagacgttagataacaaattaaaggattttaccttagattgcgactagtacaacggtacatcggtgattcgcgctctactagatcacgctatgggtaccataaacaaacggtggaccttctcaagctggttgacgcctcagcaacataggcttcctcctccacgcatctcagcataaaaggcttataaactgcttctttgtgccagagcaactcaattaagcccttggtaccgtgggcacgcattctgtcacggtgaccaactgttcatcctgaatcgccgaatgggactatttggtacaggaatcaagcggatggcactactgcagcttatttacgacggtattcttaaagtttttaagacaatgtatttcatgggtagttcggtttgttttattgctacacaggctcttgtagacgacctacttagcactacggccgagcgcaataacccccggaaagcacttgctactgggaggcgggtttatccatcggcaataggggttatcagtactaccaagaagattgtgaagatattaacagcattgaaaaaagttcggactgggcatgaaacgtgtgtcagagttagagtccttgagggactgaatgggtttgtcccaggcccaagcttgaggtggatgtcacctcgggtactgcctctattacagaggtatcttaatggcgcatccagccttgtggctgggtctacgtacgcgtgggcaccatacgtatgttggcaggaaaggtcaatcatgcttgtttcctcgtcgcagaaacgttcacactattggctcgcgggatcgaacgggcctgattatttttccagctcctgcgttcctatcacgccaactgtcgctaataaaatgttatatagagataacccattgctatgcaaggatggagaaaccgcttcacaacaccctagaattacttcagcactaacatctaagataccgggaaaaccgtaggtgccacttggttttgagggcaatgcctcttgcactggcgattcgtggagtaaccttgctaccgatttccaccttttctaggtatgattacatgcgatcgccattgtcagtcgtcgtacgaaatccaggaaggaattcgaatacatgaccgaaagctatggcatcataagcgtggctctttactaaggacacgtgtagtcggctgatttcgcgcagaacttcgctcaccggacagtgactgctgtccgaacttgggggcagcgtagattctagctagagaccgcagcgaaaatgccactcgctaggtggctatggacgtccagctataggcccccacattcgtatgtatactccggtaattgagtctacctttcgaaagatcaaagttcacaaaccttctctcacgttaacatagatgctcgcacatagctagtccggtgataaagcggccgtgcatgcgagtatttagcgcacggaacagatattaggctgcgaaataccctcatatgctacagcgcaggtaacagacggttgatctccccgtagaattccctcaaggccggatcgttctcatgagtagcctttgtctgacatttcctctcaatagattgcagactcctgtgtcgtgggaaaacttcgcggaatcgctgtcgttacataaatctaaacagtgcagtccaagctatttactaccacgtatcataatgaacatctctttgtgaaatacgccggtacgccgagagatcgcccacattgcgtgtcaccaagacccagtgtctattgggcgcgctggttatagtatgcggaggcacccgatgtgctgctaatcactacaaactcgacaccaagaggcgaccgcgtgcgggagggctagaacgcgagagccacgtcaacgtggtggtaccgctcctgatgatacgagcactgtgctggcaccgctgccctatgtccagctaacaggtgtcacataatatcgcatctatagttgagtatcttatcgctagcgttacttgtgagttctcgggtagaatcgtcgtagcattctagtccttagcgtaagcaacgatatcgccgatattataggggcaataggtctcacccaccacgggtgtatatttaacgccctaagtagttaacggagactattaaacaattatgcacgtgaaagattagggtactgcacacgtgtcacgttgacgatgtaaacaccataaaggttgttctgtgatgcgatgcccatacctgcggtgcaacgtcctaaacttatgcggatcaccttctaattcagccgacgttgagaacgccagctatactctgtgagtacaaggtgaaagccccagatcaaaatattggagtcttgtccgtagctcttgggtggagagtgtgaccacgtttatcccttaatactgagactcttctcgttccacgccccggacattcgcgatacagcctagtttgataggtggctacaagggctctatccgaatagcacaaaactcagtcctagtgcgtataggtcgtgctctgcggttatacgctccacagaagaaagtacccactgcagtttgtcggtgggacttagcaaaacctgtaaccaaaaccgcacatggactctgttttggtggcgtggagtgtgcccgccgcctttatgctgggtcaaaatactatatgatttgttgtggtcgggcgcgacattggctcttatggtttataactattattcggtgcacagaaccgacttatgccccgattttgcacctcccgagagaaatggtactagtcattgtctcggggttttacaactcaaggataatctgccagcggtaccccgaaaaatcccatcccgaacggctggtacctatgctggagaccgaaatggagccagtgctatgcaaaccctcgctctttctatttggcccgaccagctgcgagagtcattcgacatacattgcgatggctggttcatctctctgcttcggattccgatcctgctgcctatggccacaacacgaaagagatcttggatacgtcctcaccatagtccaacggacaaatatggaggtgtacgcgcacggatacgagtacgacgggccgcccaatgctggtccttcgtgttatactgtttacttgcctccggtaagagtgtacagcttgtacccacgcggtggaggaccttacgcgtcgtccgcaggtgtggagatttcgctacctgttgcattggggcctcgccttacgtttttttcgacggaggcccgacccgccaggccagaccctcatcattgggatttttactgccttggacggcagattctgatgctggtaacgcgcttggcacacaccctggtcgtaattacgtactatcacctctattttaccaggggcgggccccgcctcaacgatcggtagtctcgttagaacagttgcttatactccgttagcactcacaactcggagaatgagcttacacagtccgtaatagtctccacagcttcccctggaaggttcgtacaggggccctggggtctaatgtgctaccgcctaacttcgttagtgtaaggtctcgtgtgcacctccaataacgctgcatttttgtatagaactcctttataggcctgactcttcggaacagcccactaattgacgtgcacgatgctgcatatacccttctcaatgacgcataccggtgactaaatcctgtggctggttgacactttgcataacccaccacgaaaacgcggtttgcacgtggttggaagcgagtaccggttaagggaagttacgtaaacccaacatagtgagcgatgcttaaaacactgcatgcgaacaacgaccggaacgagagcctaatagaaccaaatggataggtggttacgaaatccgcgcacaagtgtcgtgccactctcgtaaagaatgattgcttgcttatctatgagaaacctaataggcacgcacgtgtcgccagggaaaaaccaccatccgacaagacgctgaaaatcgagatagatgcagcccgcgcgtactttaagcacgatagccatcttgagcgcgacgattcagcttacggagattacttctcaaagcggacacctcgacgctgaagctctctatcgatgcacttgcatgtccatctacggcttgagcgaaccatgcttaacgcttggatgacgttgttagtcggattcgatcgtaccatactgtcctatccatcataacttcccgaattaaaactcattttctaccctcatttgtttcattggcgcatatgagcgccccatgggcgctgatcgacacaggcttgtagcgcacggctcgtcttgcagtagataaccatagtctttacgtcgcatatattaatatatcctcagacttccactgcggtattttggatcgtggcgtctgggacagtcacactctttaacgggagcgcgttcaatgtctgagtccatccgtgcagttcggtgcgattttattcttccctgcatcttccggattccttcttcttgtcggagaattcgccgctcgatcaaactcatcattggtacttattgaccgtttcatgctattacaccggtacactgatgataacgctgcggttttatcccccccaatacgcgcacacacgcttctttcggtgcgtcctgtcgtacccctattgcgcatcatggcactccagccgagcaatgctttggacaggtgtaaccaagctggatctagcgtgggttcgacacagctcggttcgtataaccacacgcatgaactgcgagtgcctcgccccagcgccgctgtctacttgctgtttagaggaagaagcaacagcttgcacccaatccgcatatctgcatataggtggccgttcctccgtggcgcgccgctacgttgtagcgcacggatcaaaagcgctgtgttactatacactggttcggagacggttcatgacgagcgcgctatatgtcggcatctgcgccccatgagcggccgctgtccggcggcacgaataatatagtgcaagaaaaaccgaagactacggttatatatgatggaacggccctcacagcattctaacaggtttgacaaacttaataaatgatgggccgcgcctgctgtgaatcccggacggtttggccggaaatacctaggcagtctttggaaaagcttttcctagatcaccatatcgttgtcagtggccaaggtttcgttaactctcggcgtacccagtatcggcgcaataggcctttgatcaacccttggaagattagtcgatcgtaacttcctacatcccggtgaaaggctttaattctaagtcttcgccacaaacgcttcaggagcgtcgagttctatcactttcgaggtactgccacttactatacaccggtacacttgttaagcaagtgtttgcggatgtggttaaattttgatggcagatttctgggtgttttagctatagctgtatcctcgaggtcgtcgtttaaccgctcctgttgctagatcatatgtatcgttgttcgagacgctagtagtcgctcctaccgaatcttacaggttcgatctctgctcggcttttgccgcgggccggtgcttgtgctataattataatgataagggcagtggccgcacaactgcagattactgacacttgagtgagaactaagccttgaagcatagtgttgaatgttgtagaaaagtatactgtgacaaaaacagggcctggtgtcaagtgtcctcagtgatctggatatcatcacgccttgttagcaggatttacccgcatagtaatggccggactttatattgccctgctgcgctagctagtactgcgggggctctcttccccctattgatattccgggcagaatgcgcgggtagtcagcattcatgtcaggcttctatcaacgtctcattcacccttggagtgtgacctacgtgttagaggcaatgtagcccgagagcccgttcaaagacaaactcccgaattaaacagacaccggttatgggagtgtgagtagtgacttccgaccagtgtttggtttcagcctgtcggttaacctcgcagggctaggagaatgagctgctagtaggtgattaccgaagtctccccagaaagggaacagtcttatagagtagagaatgtcaaatagcgttattgagttctgtctactgcactaccaagagcatgcccaccagagatgcgtcgcagtcgtagcgtagacgtcgtaatgacccaggtggcgttcggcctattcgcgtcggacgcgcgcgctactacaacgaagggttctgaaagtgcatgttcacactgaaattctaagtgttagtaaacaaacgcgtgtattccagggtcgtgtgtgacattatggctgtctgcgcccctcaatgatcatcaagacgttcaattgtatgttaacgtagatatcaggtttagttatccgtatactttttacgccgcgcgcttggaacagattctcctaacagccctcgcggtttcaaaaagaaccaaagtctataccatccttgttcccaattctgcctggttgcggagaaaagaccgcctccatacgtacccgactcggtattggtaagtggggaagcagtcgaacgcatatttcttggttatatcacaggccacgttctatatcggaagtggccggattacgatttgacgttctatccccgagagcgcattcttgtttgttactactaccacgcgggcgcttcttattcccagaccagagggaatgtgcggaagctttttccacagattggcggaactccagcgtgcttagtgcaggcggagaacgtccgttcagtggtgcgtgctttatttttcaatctgacccgacctgcgctcaagggttgcaagttgttgtgcgcccgagtaataggcgactcgtcgcaatgggtctggtacattgcattttcatcggtacggcgcttcataaagtgcggcaaatttctcaccccagtactcatgtttatagggtatcaggacccgaagcttctctgttccaaagaaatgtactgtttggctcccctgtccatattggaggtagatcacttgtggattatgcaatgaatgaatgaaagtttggtgctccccaccggggcgctctcaaagagagtgagctaaatttgaacatttaaattgctattccaacccggagtcctgaccggaacagtaatgaaacttcaaccatgccggacagactagaagaagggaaagttgcttgtatatgggagtaaaaatgatgttggtgccgtaatggtgccggaagtgactatagagcatgtcgtgacgcaccggtaggcagtgctataatcgtatgtccttcaggcgccgccggacctacgaagctgaaattagacaccggcacactagccccgtcagcgacggtgcgcggccgctgccctgcagcgaatggggctaacacgcataaaacgcccgcataaccactcgagctacgggaattcactcaggctgttgcttcgacgtgtagtctcattacataatcataatacctccaagaccaacggctgctcatgactctcttaccttgttagggacatttcggcactagggaagagctgaggactttgaaaacgtcgataaaaccatcgcgggaactagctgcgttagaactccatattttacgggtcgcaagcttgaggtcctgtcccggcagctgcaagtgctacggcaggaggggatctacctaacgtgcagtaacgagcccctgcccgtaatgaggcgtactcgtctctaatcgtcagtaagttactatgtccgaggacgcctctacgagttgaactctggctaggcccacctgtccgcgccctgctcgggtaccccatctgcttatccaacttcacctcgccttacggaatctctggttgccagtcatccgatggtcattaagcagcgtggtacatcgtagccaatacttcagggcgccagccatattcccagccaagcggctgcataattacagcgcctggcacgactaatcgatcccacaagcctggtagatgacccttagccctaaagcgccctctgacctatctgcacgtgatacttgattatttgtaatgagcggacagggtagatgactaatatacagggtcgtctaggtttgcacaatgcagacatcatccgcgcaaggcccggacggctgtactcacacagctagctccatctccctcagcagcactaagattcccacgtgaccagggcgacgggcctcagccaaacgtatccttgatatctacttaagtcaaggttgactccgaaccctatgggtcggtgccgttaacagggagtctatatctcggcgttccattgcttgtttcaaactcctgctataaggtgaaagcgctggagggcatagtttatgcccaaagttgcgcgtagatccgtcgggatatgtgctataataaggactgctcgaggtaggcggtaacggctcccgccttcagtaggcgcggaactcgaatcggagttacaggacttgaccgagtcatatccaagtttatgttacccgatcggatccggatgctcgtatctgcgacgaggtcggaagacggacgaaatacgattcaaccgcgcgaaccattagcatctaacctttagcctcaatgggtgttaacgtggtgggctcactcggcgtactctttgtgcaactattccgtatgaacaacagtcaagttgcgacatgatgctcttacgtgattcccacagtttcccacctcaggatgctttctttagctaaacccaatagttatggcggcaccttcagactcccacgaggacggctatgacgttgctaaaccattcgccgccaaaggctagcgctaacgagttctgtgagtttgttccgggccagatctccaggatggtcgcaacaacgcagtaccggttttatactggtgaccctctacctgttattaagttacagcgttgtcctacgtacatggtcgtgagtactcgcgtagtcaaacgccaggactagcagcgagaattattgtcgcgatacttactacaatacttacccgatattgacgtgcagggttgaaagagatggacagttgaatatctattttgacggaatcctcaaaactccctccacctcaggtaacggccctgtccgggaccgcattcttgcatatattggttcccagagcgtatctaagttagtctcttgaccgttcaccgactctagggcgactcgttatcgccctccgaaacgatgctttcgttacctcaatgatgacaggctgtaacgtaagtgatcccaatctcactcgtgccttgtccaccgttccgtgaagacgaagcaatacgcggaatacgtggcttcgtaatattttgacgatatggggctgggacgctcaagacttccatgacaaacaaagtgaagagcaactgcatccctcatcatgatcactattaccagagtagcgatggataacgctaatttggtcagggcagctatcgcatcccgcaggtgtaggcggagactttttcttttgttgcgagttgacaggtaatctcacggtataagcacggttatttacgcaagcgacgtccctgggagaatccgcccacgtaggaccccataatccataaatactgcggtcgaaaccttcatatcgtgacagaaccgctttctagggatgcggtccccgcattcagagttctactttggccagcgtgagacttaacaactccacttacgcggtacattgaagtcgttcagtccagtgtgacctgtgtaccgaataacgtgtagaccagcgcgtctacgacttagcgcggctccactccaaagcaccttttgggactttccaacgagcctgttggccgttaagcggtatttcacaaatagatcaccctagtgtcggtaaccgactaccctattgggatcatcgtgagctcgaaacactagaggcggaccaacggatgacatttgattcggctctacagagcttgtcgccagagaaaaactgtggcaatctacgctcgcggggaattgactttagcggcccctagacaggtgtgggacactagtctagattcacgtcctacacgacataacagcaccttcctggccagcccagaaatagtacctggacgacatccagccttccgacgccataatgtgagccgtagcgcccacgacgatcaacgaggagaaatttacaaaggctgtgtgaatgctacgtcgtctaccattgctcatcgaaacgaacgcaacgcacagcatacaacgtttaccatgccggagcgggatcctcaagtacagaaaacagaggtctaaacatgatccgaacaaatcggtaggtttacacagctacctcgtccattggcgtactgcatcgatcgtgcttactacggtcatgccggcccgcgatgcacgtacgaaggaataccctgtctgcccccgcgcgagttacgctgtctcgcacataccgagcactgtcgttcgaagctaaactatgagcccagccgagctccttatggccgcaacgctggtgcggccagctgataaattccacagtacacgatcctcgtgtaagatctcgggcatagtaagtcatttcacatggttaggagagatagaatacatggttctggtagctcaaccaggatttgtggaacccttggcccttggtgagtgctacaataaaattctccgtatgggacaaccaaagggtgctggatgtgacttcccggcccaggttagatgtccatatcattcatacattgcccgaccgacccaatgcctaaatcagaggcgccttagctagttcttgtagtgtgccacgtccggccacgcagacacgaccctcggcgagtgatcaccattaccggattggcatcgaagtctttttctgggaagttagccagtttggtgtgcggtgcttagaatcttattcccagtcaaacgcccctgggacgaattgctaaccctagttgccacgccggaaccatcttcgggagagtagacaaatccgagttagatatgttagcgtcttcgtgagtctgaaatgtatcacttcaccgcagaatacgcgaatgtctgtttgccctggactgacggaattggcttaaaagccgactagagcattttggtacggttcctatccgcgatgtaattacctatctaggttatcgctagacgaatagcgagtacagtgtagcaggccctttgttagcaagttgctctaaacagttgtcaaaacgtaggcacaatagtgcgattcttctaaatccgggaagctcatggcgctgggcagaaatatcacatacgggaataatcaacctccattttggttcgttttactcgatgagtgccccttgcttgagacgagcgttctgagttgatggcatgtcgaaaggtttacgcggtgagtagagcactttacccctacagatcggaatcctcgaggaggacagttggaacttcacattaacctttgttcgattgcatgaaggttgtgttctgggagtaggctcccaaggtagcggttcatgctgggggcagccctaagtttgtattatgtgagtttgcgtctgaaactacatttagcatgaggaacgtaagctttctggagggatcttctaaagccaggtatcgcccgctacgatgccggagccggtggttcacagctacctgtgctcaaaggcttaaggctaatcatagcaacagtgcgaaaggacgtctttcagatttcgaaaggtgctgacacaacaagggtcagggcggtcctacccttctgattccctacctggttttttagcaagggtcaaggctaggcttatactcccgaacgctttaaacactatcccacccctgacggggggaagttgcgcgttaagtataagaataagatttaacagtacactttaggttcctcttccgcgagccgtcatacagcaccgagcgccgttgaaacgcgattaacgcgtattgtcgtgcgaaaaaaaaacgctcgccagcatattggagtgtcgacttgaaatattgaacaacaccgcatatcaaggacgaatagtagggcttcactacctccacctgacggccctaggacttatactcgaaaaagaccttccatcacgatgtcccttaccggcgagagggctatatacgcatgaatagcagatcttgccgtcgctgagtgtcacccagggttgctccagaaaggagatagggcggagagccatcgacagcagctctcgtctaggtggtagcagctaaggagtcgtgtcgtcgcgccgagttggaacattatcgatgtacatcaatgcagtaatgatgctgatagactcgggagtttcctcaaacccagagttacgagaagacgcaggtctatcagttagaaggagtcagtattggcctttgaaagatcttatgctcatgcccaatcgtagttaaacgcgaatcgggaaggccaatctggcggttttgacccccggactcttaagacgtccaatgtggctagacataagtaacgaattactctataccgaggggcgggaaccggccaatttattacgagagcacgagagccttgtagcggccagcacactatcctcgagtccctctatcctgagacgtagatatacatatacgcctagagagaatagccgtctaggcttccgtcgccctctccgtcgttcgcgtgaaccgtaagtcttccgcattcccttcctcaagcgcgttggtgtgagagtggtattgaggcccagtcttataacgcatatacttgtgcactctattacttaccatgggaaccaatggcactctcgaatcatgctcacagctgagcaacggtgctgctcaccaattacatatgagtcgtggtttagcgttggagcggaagatgaatttccatctgttcgcgcgcatcactaaccaatatacggttatcccagcgctatctagttctgaccgggttggtagcgaacccttttgcaagccggcttagtggatgtgaagtgggagtgataacttaagccgccacgttcgggggggactcgtttatattggtgctggaatacgaacggcgtgattcgtagtcgccctaatcgggcgcgacaacacatgtagtactgtcgaggcggtttaaacccacagtaggtactctatcagcagaattatgctagaagtttcacaacaactttccgcatgaggctcagcggcagcgtcgcactcccaatggccagtgccggtagcgatgtttggtggaattagttccttcggaatacgaaccggatttaaagagcctcggagaacctaaacgaatccgtacgcatcttgcccaaggtgctgagccttgtcgcctttctcagttccacctacattaatgcaatgcgttcgaagctctgaccgcaaacaggaatcaagttcagacagagtgcaagagtttcgcaataattgggaacgacccacttgatataggtgcttttagagatgtgtgtacgaccgtccttcgagcatacctacgggttacaattgctccggtaagtcaaggcacatagaaaacatagccaactgagagtgtatacaagattacctcatgtagactgaaatacacacatcgctttaagctctcaaccgatgtagaacagattttgggcggcgttgacagcgtgcccgctcaccggtttgctcccttctcaccaaataaccatgagacgactttggtgactggactgccagatgacgggctacaaccgttttggttccgaattcgctctaactcaactaacatcatactatatgcgccaggatattctcgcggttggacccccctgccaattcgggttaaaaccactccccccatgtagggagctgccgcaattacaatatcgacgatcccagatggacgctcacaaaatatcagtcctttcacgatccgctcatatagacggatgaagggactgaggctgttagatagtgacgtcgagcatggcgtagacgagcgcaaccgggtcgaggcccgcattaccgtgacacccagttgaaaggatttacactgcttcattcgatatttaccactttgtatgaggagctcaacctaagtcaacacggaccatcatacaggtcgccagtaatgagaaggctgctgtgccatggagaagcgctgctacagcacacaacgaacatcttgcaatgtgaaggagggtgctcttttgggatgagcctacggggatgtgtatccctgccctgtaggcagttgggacttagcgcgactatctagataactaaggcgccagccgcggctgtttgccgaagtcgtgctgatgctgtacaacgaagggcgagcgtgttaacatgctacacgttgacctagactagtccaagtctgaaagtcccaatttaggtcgggtagtacagtcctcggttccagtcccatgttgtgccgacaaggacaagcgatcatcaaatcgactgaaattgaatcagctacctcagaccacattcagctctcggtaacatgggaggcttgtggttgcaccgtaaaagggggatagcccatccatcctgtaaacctacaatcgcgcgtagcttaatacgctcacattagacattcgatcgagagacctggtttcaagagccttcccttttgctttagtgggccaaatcgcaaccctgctcccctcccttacgccttatacacttcagtgcaaattcatgcgttcagcgaacaactggacttctgttgtacgtagtccacgggggcttattcattatagaaagccccctactgtcaccgttatatggttcacacatgagctgatcacctagagagtcgtcatgcacattcgcctaacaaggacatatgagtaaccgggaggggatatcttcgatttgcagcaccaatcgacgttgtactggtctattgtcggttaggtccgattatccgaccggcaatgaggcaagcccatctattcaggaaacttaggcagttccctgtgctggcccgacgtcgatgagttaagtctatacaggccggccgcgagtagttaacgagaccaacatagaactatcatactagccggcaatgatcaatagggtcttagtgccactgtccttcgagccctcgcctaatttagcgcgaccggtttcctattggcctgtggggttgcgggcgcgtccgctttaagaatggtccttaacacctacccggagatccattgcatagcacactctccccattagcctagacacgtcgtcgcccgtcgactttggctggaatttaatcgccggggatatcgaactttcacgccctttaacgacgaggaaacctaccgtcgcctggctggtaaatgggtgccttacggggactcacgatgctgtgaaccgcccgccagtctctggggctcccaaaatccaggttggaattacggacctccgccggtactacgcattacggggtggaaagtcctaagataggtgaatgaaagggcttcgctaaaccagtaagtcattaacaggacatcggcgtcacgtctcgcgggtttacacggcgcacaaatcctattcccatgataaacaccttatgccaatccacatccctcgctgcctaataaaattgtcacacctgcgctactgactaacgtttacgcaatgagagatgaattccgacacccacgcttgttgcaagcacagccgtatgggttctcgggtaaggtaacacgaggcacactccggcgcggccacttcggcccctccctgacgatgaccctcattggtcaagcatcagtcgaatgattcgtaacaaggagcaaccgactcagtagagagggtgaatctcacgcgctagcctgaggaccgcctaagtgcttgctgtgcgtcgcggcagtcgcgaggtgcgggctaaagtaaataattactggtcttacctaattaaagttggtggttagggacaacgttaccactaccagggtgcgcccctgaattcgggtatcggactatccagggcgccttttgcggccttaaatacctttttaatcacgctggagctagaaggccatcgggatagacggggttctaggtactcgaaaaaacaggcctaataactttattgcgcttggactaacctatgtacaacacgttgtagcatactatggaatgttactgacctacacggatagcatttgttcgggagcgtcattgacctcccagaccctatgccgatctgcaccattcagtgaccatccacaagtctctaggtttagccaaaggtgacaggtcaagcacttgcgcatgtccactagtcgattatgcaacgtctctgaacagttagcacttatctcccgccgtgtgactcacgcagtgaacttacctatagcatacgcctactattgaatgttcgttgttctaacacagcgctaatacctcactggcagaggtgcgcacgctcctagtatgggagggagtcaggtcagagtgtatgagactgatttttattcccgataggggttcagtgaaatcgacctctcaaaagagaggcgcagaattcgctgataagctctgctacgatcgctaaggcacgataagcagggcggtgaaggttggagcaagataatatcacccggacgcgggtcctgtcgcaacgagcggccgtgagacctggtgcgcaccgtgtctcgatcggccgaatatcggaacccactgcgtgactcaaatgatatttttgctatctgtgggggatttatgtcccggtagaactctgcttctagcagaggataaactttacaaggacggcgaatatggtgtcagagcgccctaatgatcccgtgctattccgcgggccaccggccgttaatggacttcgggttagaaggatgggttattcatcttccacagaaacgcccagccgcaatcgtgggtttactcgaccgcggttatctgcctacttagctgcattcctaaaacaggattaaaaaggccgcgagggttgcgaacctatggttgagaacagagtcatagagtcagatgcgcagggacggcacggatccacatggcagttaactaatattaatacccccttagcctcgtatatgggcgtgtgcagtcttgtccactcgcggacgcgtatccgagcgattctgtcttccaacgctattcgttaccactttggcacctctttgctaagcaggatgagaacatctcactcactacgagccttgactttcagcacgcggtacgagggcactgggcttctcgtcctttgctagatgtaggtgccttcccgccctcatgacgatgtcacgtctatcggtttattaaggtcggggaccattacgagattaccccgcgaccttcgtccaaatgggatcacggcaacgttccacgaggggcgcgttgcctgagccactcgggtatccccttccgatatccgcagaagtctagctaggagcaccgccaagcattacccgattaagcaaagcctactcatcgcatacacggttcttggggtttgcgtcagatagcaacttccggcggcagtagagatgatattttatccgattgagcttgcccagcgcaccctcgggccccgtggctcttctcttaaatgtgccctgcacgatgttagcggttcctactcctccccgagccctatgggtggacagactcgccctctgaggctgcgtgttcaactggttccaagtccggcgcctgtggatctacgacgcgaccagcaacattataccaatgtctaggcttagctcgaaaactagtaagccttagaactagggtcgtagcttcttctaaatgaagggcagcgtcatagccatccacgttagcgcttactcaatcgcctgtcggctgtcatgttaccgctgccgtaagttcgtgaacataaaatacaacacattttaggtttaacaaggattgtttaccgccacgtactggtgccggtagtgaaacgaaaaacctcagcatcgggaggaggagaacggaatccctaccaatcttatctctacttaaagaacaaagcgcgcggtacatggcgcagacgagaatgaatccccgaacgggccgagttagactcctcaacctgtcgaaaagttgcgatccgctagatcgtagagtacggacttaaaaaagaaaagaaggtctctacccgagcggtgagcccaaccagttccaggttgctgccggattcttccacacggcggtgccatatggacgaccccgtactttgggcattctaggctacctactgcgaacgcctcgcgttcatgcgcaaagttttctctagataggcgcgctttggtaagcatagtaataggttcttcagcgtctaaagcccgcccattaggcctggcgactctgctttagtggtaaagagatagcatcgatgtacatcgatggagagagtattttcacgaaagtgcgcgccgtacactatttatcggcatgcgcgctaaactggagggtctaataaccagatcacgcaacgaggtcccatgtacggttcgcattgcgaaagtatgggatactagaggttttatcgggcctcgcttgaggtctgtctgggactggcgcacatcgctcgtcgcccagtcgatagcggggtgattaaataagaaatatgttagtgcccggatttggaaccaaccagtcccggtagcggtacaaaaagcctttcctgctagttctatgcttaaagcgtactcctgttacaatccgtaggcaacctgaagaggcaacctggttttcctttatttcgactttgtttgccatttccaatgtgatactgtgcggcgaccttaatgctttttggtaaaaccataccgagatccagcgcacgcgacattcagaccggtcccggtttggcggtcaacctcgtactctgcactgttcagctagaggggtctcctatcccgaggtaccggtcgtctaacgggtggttacaggggctggtcctactctaccaacagttaaggagggcaacaagttcgatggggcatcgtataacttgaatgccattggacaaataataattgctccacgtcccaaacctcaactgaccttgtacgcataggtgccacctgcacgcaaccgagctcgttcaagtgtccttcttagctggcgccgagtgaacctgcatctgagagtctacccaacgatctagtatcataatgtctgtagccagcgactatgacacttagagagccgcctaagaaagtgtttgcggctcctgccccggtgcgcttgttcggtgggaggtcgttatatagaaccatggggatataatgaatggtaacatatctgccacgttgacaagccgctattatgaattcagggttggatactattatggcccttcacggtcacttgtaggacggccccaaacaggattagtaaagtcggtggtctaagtgtaagcgataggcaaactgcggttattcgcgtagaccgcttgatgatgtaaaataacagttttcatgtctttgcaattac",
    "start": 0,
    "uniqueId": "ctgA 0-20000",
  },
]
`;

exports[`adapter can fetch features from volvox.2bit 2`] = `Array []`;

exports[`adapter can fetch regions from with chrom.sizes 1`] = `
Array [
  Object {
    "end": 50001,
    "refName": "ctgA",
    "start": 0,
  },
  Object {
    "end": 6079,
    "refName": "ctgB",
    "start": 0,
  },
]
`;
