// Jest Snapshot v1, https://goo.gl/fbAQLP

exports[`plugin in a stock JBrowse 1`] = `
Object {
  "assemblyName": undefined,
  "configId": Any<String>,
  "features": undefined,
  "type": "FromConfigAdapter",
}
`;
