// Jest Snapshot v1, https://goo.gl/fbAQLP

exports[`Grid bookmark adds grid bookmark widget 1`] = `Object {}`;
